# verify.py regression suite; started 2026-09-20T21:55:10Z; scratch copy /tmp/taleb_harness_regression_4a56icwe/Taleb_Lean_Repairs
# pristine source tree sha256 (all non-.lake files, path+content): b984da320be392b605e141ee2d95038ff5578e1cbd6aba4892b24ee8f7408392
# per fixture: sources re-extracted, .lake/build restored from the pristine snapshot, tree hash re-checked, then the mutation is applied

## fixture valid: Unmodified copy of the project (positive control).
restored tree sha256 before mutation: b984da320be392b605e141ee2d95038ff5578e1cbd6aba4892b24ee8f7408392 (matches pristine: True; .lake/build reset from snapshot: True)
command: python3 scripts/verify.py  (cwd=/tmp/taleb_harness_regression_4a56icwe/Taleb_Lean_Repairs; env overrides=none)
verifier subprocess exit code: 0  (expected: 0); wall time 124.9s
verification.json: status=PASS error=''  (expected status PASS)
regression verdict: OK, behaved as expected

## fixture private_sorry_theorem: private theorem ... : False := by sorry appended to RegularVariation.lean (audit A1).
restored tree sha256 before mutation: b984da320be392b605e141ee2d95038ff5578e1cbd6aba4892b24ee8f7408392 (matches pristine: True; .lake/build reset from snapshot: True)
command: python3 scripts/verify.py  (cwd=/tmp/taleb_harness_regression_4a56icwe/Taleb_Lean_Repairs; env overrides=none)
verifier subprocess exit code: 1  (expected: nonzero); wall time 51.0s
verification.json: status=FAIL error="Compiler diagnostics in lake build:\nwarning: AuditRepairs/RegularVariation.lean:133:16: declaration uses 'sorry'"  (expected status FAIL, error containing 'Compiler diagnostics in lake build')
trust scan alone lists _private.AuditRepairs.RegularVariation.0.audit_private_gap with axioms ['sorryAx'] -> reported
regression verdict: OK, behaved as expected

## fixture private_sorry_def: private noncomputable def ... : ℝ := sorry appended to Tails.lean (audit A1).
restored tree sha256 before mutation: b984da320be392b605e141ee2d95038ff5578e1cbd6aba4892b24ee8f7408392 (matches pristine: True; .lake/build reset from snapshot: True)
command: python3 scripts/verify.py  (cwd=/tmp/taleb_harness_regression_4a56icwe/Taleb_Lean_Repairs; env overrides=none)
verifier subprocess exit code: 1  (expected: nonzero); wall time 68.6s
verification.json: status=FAIL error="Compiler diagnostics in lake build:\nwarning: AuditRepairs/Tails.lean:201:26: declaration uses 'sorry'"  (expected status FAIL, error containing 'Compiler diagnostics in lake build')
trust scan alone lists _private.AuditRepairs.Tails.0.audit_gap_def with axioms ['Classical.choice', 'Quot.sound', 'propext', 'sorryAx'] -> reported
regression verdict: OK, behaved as expected

## fixture private_axiom: private axiom (no sorry, no compiler warning) plus a private theorem using it, appended to Foundations.lean (audit A1).
restored tree sha256 before mutation: b984da320be392b605e141ee2d95038ff5578e1cbd6aba4892b24ee8f7408392 (matches pristine: True; .lake/build reset from snapshot: True)
command: python3 scripts/verify.py  (cwd=/tmp/taleb_harness_regression_4a56icwe/Taleb_Lean_Repairs; env overrides=none)
verifier subprocess exit code: 1  (expected: nonzero); wall time 174.2s
verification.json: status=FAIL error="Constants outside the axiom allowlist (all project constants, including private/internal ones, are scanned): {'_private.AuditRepairs.Foundations.0.audit_private_axiom': ['Classical.choice', 'Quot.sound', '_private.AuditRepairs.Foundations.0.audit_private_axiom', 'propext'], '_private.AuditRepairs.Foundations.0.audit_uses_private_axiom': ['Classical.choice', 'Quot.sound', '_private.AuditRepairs.Foundations.0.audit_private_axiom', 'propext']}"  (expected status FAIL, error containing 'outside the axiom allowlist')
regression verdict: OK, behaved as expected

## fixture structure_namespace_theorem: User-written protected theorem inside the StableParameters namespace, appended to Stable.lean (audit A2).
restored tree sha256 before mutation: b984da320be392b605e141ee2d95038ff5578e1cbd6aba4892b24ee8f7408392 (matches pristine: True; .lake/build reset from snapshot: True)
command: python3 scripts/verify.py  (cwd=/tmp/taleb_harness_regression_4a56icwe/Taleb_Lean_Repairs; env overrides=none)
verifier subprocess exit code: 1  (expected: nonzero); wall time 182.5s
verification.json: status=FAIL error="Environment/regex inventory mismatch: ['StableAudit.StableParameters.audit_user_theorem']"  (expected status FAIL, error containing 'Environment/regex inventory mismatch')
regression verdict: OK, behaved as expected

## fixture protected_theorem: protected theorem AuditRV.regex_blind_spot appended to RegularVariation.lean (regex-invisible declaration).
restored tree sha256 before mutation: b984da320be392b605e141ee2d95038ff5578e1cbd6aba4892b24ee8f7408392 (matches pristine: True; .lake/build reset from snapshot: True)
command: python3 scripts/verify.py  (cwd=/tmp/taleb_harness_regression_4a56icwe/Taleb_Lean_Repairs; env overrides=none)
verifier subprocess exit code: 1  (expected: nonzero); wall time 176.7s
verification.json: status=FAIL error="Environment/regex inventory mismatch: ['AuditRV.regex_blind_spot']"  (expected status FAIL, error containing 'Environment/regex inventory mismatch')
regression verdict: OK, behaved as expected

## fixture alias_map_mismatch: docs/replacement_map.json entry for Proof16 points at a wrong declaration (audit A3, ordinary mode).
restored tree sha256 before mutation: b984da320be392b605e141ee2d95038ff5578e1cbd6aba4892b24ee8f7408392 (matches pristine: True; .lake/build reset from snapshot: True)
command: python3 scripts/verify.py  (cwd=/tmp/taleb_harness_regression_4a56icwe/Taleb_Lean_Repairs; env overrides=none)
verifier subprocess exit code: 1  (expected: nonzero); wall time 126.1s
verification.json: status=FAIL error="Alias targets differ from docs/replacement_map.json: {'Taleb.Proof16.repaired': ('AuditProbability.stableS1_convolutionPower_eq', 'AuditProbability.charFun_convolutionPower')}"  (expected status FAIL, error containing 'Alias targets differ')
regression verdict: OK, behaved as expected

## fixture alias_map_mismatch_optimized: Same mutation as alias_map_mismatch, verifier run with PYTHONOPTIMIZE=1 (audit A3, optimized mode).
restored tree sha256 before mutation: b984da320be392b605e141ee2d95038ff5578e1cbd6aba4892b24ee8f7408392 (matches pristine: True; .lake/build reset from snapshot: True)
command: python3 scripts/verify.py  (cwd=/tmp/taleb_harness_regression_4a56icwe/Taleb_Lean_Repairs; env overrides={'PYTHONOPTIMIZE': '1'})
verifier subprocess exit code: 1  (expected: nonzero); wall time 124.9s
verification.json: status=FAIL error="Alias targets differ from docs/replacement_map.json: {'Taleb.Proof16.repaired': ('AuditProbability.stableS1_convolutionPower_eq', 'AuditProbability.charFun_convolutionPower')}"  (expected status FAIL, error containing 'Alias targets differ')
regression verdict: OK, behaved as expected

## fixture orphan_module: New flat module AuditRepairs/Orphan.lean (a def, no theorem) that no project file imports.
restored tree sha256 before mutation: b984da320be392b605e141ee2d95038ff5578e1cbd6aba4892b24ee8f7408392 (matches pristine: True; .lake/build reset from snapshot: True)
command: python3 scripts/verify.py  (cwd=/tmp/taleb_harness_regression_4a56icwe/Taleb_Lean_Repairs; env overrides=none)
verifier subprocess exit code: 1  (expected: nonzero); wall time 123.1s
verification.json: status=FAIL error="Project modules on disk that are not imported into the environment (unscanned): ['AuditRepairs.Orphan']"  (expected status FAIL, error containing 'not imported into the environment')
regression verdict: OK, behaved as expected

## fixture nested_orphan_module: New nested module AuditRepairs/Nested/Orphan.lean containing a private theorem of False proved by sorry, imported by nothing (audit V1).
restored tree sha256 before mutation: b984da320be392b605e141ee2d95038ff5578e1cbd6aba4892b24ee8f7408392 (matches pristine: True; .lake/build reset from snapshot: True)
command: python3 scripts/verify.py  (cwd=/tmp/taleb_harness_regression_4a56icwe/Taleb_Lean_Repairs; env overrides=none)
verifier subprocess exit code: 1  (expected: nonzero); wall time 122.4s
verification.json: status=FAIL error="Project modules on disk that are not imported into the environment (unscanned): ['AuditRepairs.Nested.Orphan']"  (expected status FAIL, error containing 'not imported into the environment')
regression verdict: OK, behaved as expected

## fixture nested_imported_module: New nested module AuditRepairs/Nested/Extra.lean with a public theorem, imported from AuditRepairs.lean, AuditVerification.lean regenerated (positive control for recursive discovery).
restored tree sha256 before mutation: b984da320be392b605e141ee2d95038ff5578e1cbd6aba4892b24ee8f7408392 (matches pristine: True; .lake/build reset from snapshot: True)
command: python3 scripts/verify.py  (cwd=/tmp/taleb_harness_regression_4a56icwe/Taleb_Lean_Repairs; env overrides=none)
verifier subprocess exit code: 0  (expected: 0); wall time 171.0s
verification.json: status=PASS error=''  (expected status PASS)
nested module imported and its theorem scanned: True
regression verdict: OK, behaved as expected

## fixture namespace_section_theorem: New nested module with a theorem placed after `end <Section>` inside a namespace, imported, AuditVerification.lean regenerated (positive control: discovery must not pop the namespace at a section end; a v0.2.5 defect).
restored tree sha256 before mutation: b984da320be392b605e141ee2d95038ff5578e1cbd6aba4892b24ee8f7408392 (matches pristine: True; .lake/build reset from snapshot: True)
command: python3 scripts/verify.py  (cwd=/tmp/taleb_harness_regression_4a56icwe/Taleb_Lean_Repairs; env overrides=none)
verifier subprocess exit code: 0  (expected: 0); wall time 170.2s
verification.json: status=PASS error=''  (expected status PASS)
regression verdict: OK, behaved as expected

## fixture backlog_duplicate_id: docs/FORMALIZATION_BACKLOG.json with T003's id replaced by a second T002 (audit of v0.2.5, V025-L1: the ledger gate must reject duplicate/missing family IDs).
restored tree sha256 before mutation: b984da320be392b605e141ee2d95038ff5578e1cbd6aba4892b24ee8f7408392 (matches pristine: True; .lake/build reset from snapshot: True)
command: python3 scripts/verify.py  (cwd=/tmp/taleb_harness_regression_4a56icwe/Taleb_Lean_Repairs; env overrides=none)
verifier subprocess exit code: 1  (expected: nonzero); wall time 124.2s
verification.json: status=FAIL error='docs/FORMALIZATION_BACKLOG.json schema violations: ["ids must be exactly T001..T158 in order (got 158 rows; duplicates [\'T002\']; missing [\'T003\']; unexpected [])"]'  (expected status FAIL, error containing 'schema violations')
regression verdict: OK, behaved as expected

## fixture dirty_dependency: Tracked file modified inside .lake/packages/Cli (dependency working tree not clean).
restored tree sha256 before mutation: b984da320be392b605e141ee2d95038ff5578e1cbd6aba4892b24ee8f7408392 (matches pristine: True; .lake/build reset from snapshot: True)
command: python3 scripts/verify.py  (cwd=/tmp/taleb_harness_regression_4a56icwe/Taleb_Lean_Repairs; env overrides=none)
verifier subprocess exit code: 1  (expected: nonzero); wall time 0.5s
verification.json: status=FAIL error='Dependency Cli has working-tree modifications:\nM README.md'  (expected status FAIL, error containing 'working-tree modifications')
regression verdict: OK, behaved as expected

# summary: 14 fixtures; all behaved as expected: True. The real project was not mutated.
