ℹ [1919/2252] Replayed AuditRepairs.RegularVariation
info: AuditRepairs/RegularVariation.lean:115:0: 'AuditRV.isSlowlyVarying_log' depends on axioms: [propext, Classical.choice, Quot.sound]
info: AuditRepairs/RegularVariation.lean:116:0: 'AuditRV.isSlowlyVarying_const' depends on axioms: [propext, Classical.choice, Quot.sound]
info: AuditRepairs/RegularVariation.lean:117:0: 'AuditRV.IsSlowlyVarying.of_tendsto_const' depends on axioms: [propext, Classical.choice, Quot.sound]
info: AuditRepairs/RegularVariation.lean:118:0: 'AuditRV.IsRegularlyVarying.mul' depends on axioms: [propext, Classical.choice, Quot.sound]
info: AuditRepairs/RegularVariation.lean:119:0: 'AuditRV.IsRegularlyVarying.rpow' depends on axioms: [propext, Classical.choice, Quot.sound]
info: AuditRepairs/RegularVariation.lean:120:0: 'AuditRV.isRegularlyVarying_iff_slowlyVarying' depends on axioms: [propext, Classical.choice, Quot.sound]
ℹ [1920/2252] Replayed AuditRepairs.Tails
info: AuditRepairs/Tails.lean:180:0: 'AuditTails.pareto_log_ratio_tendsto' depends on axioms: [propext, Classical.choice, Quot.sound]
info: AuditRepairs/Tails.lean:181:0: 'AuditTails.pareto_hasFiniteTailExponent' depends on axioms: [propext, Classical.choice, Quot.sound]
info: AuditRepairs/Tails.lean:182:0: 'AuditTails.tailExponentReal_pareto' depends on axioms: [propext, Classical.choice, Quot.sound]
info: AuditRepairs/Tails.lean:183:0: 'AuditTails.tailExponentReal_zero' depends on axioms: [propext, Classical.choice, Quot.sound]
info: AuditRepairs/Tails.lean:184:0: 'AuditTails.real_liminf_of_tendsto_atTop' depends on axioms: [propext, Classical.choice, Quot.sound]
info: AuditRepairs/Tails.lean:185:0: 'AuditTails.tail_log_ratio_of_ratio_tendsto' depends on axioms: [propext, Classical.choice, Quot.sound]
info: AuditRepairs/Tails.lean:186:0: 'AuditTails.subexponential_ratio_tailExponent' depends on axioms: [propext, Classical.choice, Quot.sound]
info: AuditRepairs/Tails.lean:187:0: 'AuditTails.convexOn_rpow_neg_right' depends on axioms: [propext, Classical.choice, Quot.sound]
info: AuditRepairs/Tails.lean:188:0: 'AuditTails.frechet_formula_maxstable' depends on axioms: [propext, Classical.choice, Quot.sound]
info: AuditRepairs/Tails.lean:189:0: 'AuditTails.frechet_cdf_maxstable' depends on axioms: [propext, Classical.choice, Quot.sound]
info: AuditRepairs/Tails.lean:190:0: 'AuditTails.gumbel_maxstable' depends on axioms: [propext, Classical.choice, Quot.sound]
ℹ [1921/2252] Replayed AuditRepairs.Stable
info: AuditRepairs/Stable.lean:197:0: 'StableAudit.gaussian_specialization' depends on axioms: [propext, Classical.choice, Quot.sound]
info: AuditRepairs/Stable.lean:198:0: 'StableAudit.gaussian_specialization_general' depends on axioms: [propext, Classical.choice, Quot.sound]
info: AuditRepairs/Stable.lean:199:0: 'StableAudit.submitted_gaussian_counterexample' depends on axioms: [propext, Classical.choice, Quot.sound]
info: AuditRepairs/Stable.lean:200:0: 'StableAudit.gaussian_stable_real' depends on axioms: [propext, Classical.choice, Quot.sound]
info: AuditRepairs/Stable.lean:201:0: 'StableAudit.gaussian_stable_real_short' depends on axioms: [propext, Classical.choice, Quot.sound]
info: AuditRepairs/Stable.lean:202:0: 'StableAudit.cauchy_specialization' depends on axioms: [propext, Classical.choice, Quot.sound]
info: AuditRepairs/Stable.lean:203:0: 'StableAudit.submitted_cauchy_counterexample' depends on axioms: [propext, Classical.choice, Quot.sound]
info: AuditRepairs/Stable.lean:204:0: 'StableAudit.cauchy_stable' depends on axioms: [propext, Classical.choice, Quot.sound]
info: AuditRepairs/Stable.lean:205:0: 'StableAudit.cauchy_stable_short' depends on axioms: [propext, Classical.choice, Quot.sound]
info: AuditRepairs/Stable.lean:206:0: 'StableAudit.stableExpr_power' depends on axioms: [propext, Classical.choice, Quot.sound]
info: AuditRepairs/Stable.lean:207:0: 'StableAudit.submitted_alpha_one_ignores_skew' depends on axioms: [propext, Classical.choice, Quot.sound]
info: AuditRepairs/Stable.lean:208:0: 'StableAudit.stableS1Expr_power' depends on axioms: [propext, Classical.choice, Quot.sound]
ℹ [2623/2643] Replayed AuditRepairs.ImplicitSetDiagnostic
info: AuditRepairs/ImplicitSetDiagnostic.lean:23:0: @signature_probe : ∀ {univ : Set ℝ} {c : ℝ},
  0 < c → (ConvexOn ℝ univ fun α => c ^ (-α)) → ConvexOn ℝ univ fun α => c ^ (-α)
info: AuditRepairs/ImplicitSetDiagnostic.lean:24:0: theorem Proof09Probe.signature_probe : ∀ {univ : Set ℝ} {c : ℝ},
  0 < c → (ConvexOn ℝ univ fun α => c ^ (-α)) → ConvexOn ℝ univ fun α => c ^ (-α) :=
fun {univ} {c} _hc h => h
info: AuditRepairs/ImplicitSetDiagnostic.lean:30:0: @statement : {univ : Set ℝ} → {c : ℝ} → 0 < c → Prop
info: AuditRepairs/ImplicitSetDiagnostic.lean:31:0: def Proof09Probe.statement : {univ : Set ℝ} → {c : ℝ} → 0 < c → Prop :=
fun {univ} {c} _hc => ConvexOn ℝ univ fun α => c ^ (-α)
info: AuditRepairs/ImplicitSetDiagnostic.lean:49:0: 'Proof09Probe.submitted_statement_counterexample' depends on axioms: [propext, Classical.choice, Quot.sound]
ℹ [2642/2643] Replayed AuditVerification
info: AuditVerification.lean:3:0: 'AuditRV.regularlyVarying_zero_iff' depends on axioms: [propext, Classical.choice, Quot.sound]
info: AuditVerification.lean:4:0: 'AuditRV.regularlyVarying_power' depends on axioms: [propext, Classical.choice, Quot.sound]
info: AuditVerification.lean:5:0: 'AuditRV.IsRegularlyVarying.congr' depends on axioms: [propext, Classical.choice, Quot.sound]
info: AuditVerification.lean:6:0: 'AuditRV.IsRegularlyVarying.const_mul' depends on axioms: [propext, Classical.choice, Quot.sound]
info: AuditVerification.lean:7:0: 'AuditRV.IsSlowlyVarying.mul' depends on axioms: [propext, Classical.choice, Quot.sound]
info: AuditVerification.lean:8:0: 'AuditRV.IsSlowlyVarying.rpow' depends on axioms: [propext, Classical.choice, Quot.sound]
info: AuditVerification.lean:9:0: 'AuditTails.HasFiniteTailExponent.unique' depends on axioms: [propext, Classical.choice, Quot.sound]
info: AuditVerification.lean:10:0: 'AuditTails.HasFiniteTailExponent.liminf_eq' depends on axioms: [propext, Classical.choice, Quot.sound]
info: AuditVerification.lean:11:0: 'AuditTails.pareto_power_tail' depends on axioms: [propext, Classical.choice, Quot.sound]
info: AuditVerification.lean:12:0: 'AuditMoments.gamma_mixture_excess' depends on axioms: [propext, Classical.choice, Quot.sound]
info: AuditVerification.lean:13:0: 'AuditMoments.gamma_mixture_excess_pos' depends on axioms: [propext, Classical.choice, Quot.sound]
info: AuditVerification.lean:14:0: 'Proof09Probe.signature_probe' depends on axioms: [propext, Classical.choice, Quot.sound]
info: AuditVerification.lean:15:0: 'Proof09Probe.pair_not_convex' depends on axioms: [propext, Classical.choice, Quot.sound]
info: AuditVerification.lean:16:0: 'Proof09Probe.submitted_statement_counterexample' depends on axioms: [propext, Classical.choice, Quot.sound]
info: AuditVerification.lean:17:0: 'AuditProbability.IsSubexponential.finiteTailExponent' depends on axioms: [propext, Classical.choice, Quot.sound]
info: AuditVerification.lean:18:0: 'AuditProbability.convolutionPower_probability' depends on axioms: [propext, Classical.choice, Quot.sound]
info: AuditVerification.lean:19:0: 'AuditProbability.charFun_convolutionPower' depends on axioms: [propext, Classical.choice, Quot.sound]
info: AuditVerification.lean:20:0: 'AuditProbability.stableS1_convolutionPower_eq' depends on axioms: [propext, Classical.choice, Quot.sound]
info: AuditVerification.lean:21:0: 'AuditProbability.law_independent_sum' depends on axioms: [propext, Classical.choice, Quot.sound]
info: AuditVerification.lean:22:0: 'AuditRV.isSlowlyVarying_log' depends on axioms: [propext, Classical.choice, Quot.sound]
info: AuditVerification.lean:23:0: 'AuditRV.isSlowlyVarying_const' depends on axioms: [propext, Classical.choice, Quot.sound]
info: AuditVerification.lean:24:0: 'AuditRV.IsSlowlyVarying.of_tendsto_const' depends on axioms: [propext, Classical.choice, Quot.sound]
info: AuditVerification.lean:25:0: 'AuditRV.IsRegularlyVarying.mul' depends on axioms: [propext, Classical.choice, Quot.sound]
info: AuditVerification.lean:26:0: 'AuditRV.IsRegularlyVarying.rpow' depends on axioms: [propext, Classical.choice, Quot.sound]
info: AuditVerification.lean:27:0: 'AuditRV.isRegularlyVarying_iff_slowlyVarying' depends on axioms: [propext, Classical.choice, Quot.sound]
info: AuditVerification.lean:28:0: 'StableAudit.gaussian_specialization' depends on axioms: [propext, Classical.choice, Quot.sound]
info: AuditVerification.lean:29:0: 'StableAudit.gaussian_specialization_general' depends on axioms: [propext, Classical.choice, Quot.sound]
info: AuditVerification.lean:30:0: 'StableAudit.submitted_gaussian_counterexample' depends on axioms: [propext, Classical.choice, Quot.sound]
info: AuditVerification.lean:31:0: 'StableAudit.gaussian_stable_real' depends on axioms: [propext, Classical.choice, Quot.sound]
info: AuditVerification.lean:32:0: 'StableAudit.gaussian_stable_real_short' depends on axioms: [propext, Classical.choice, Quot.sound]
info: AuditVerification.lean:33:0: 'StableAudit.cauchy_specialization' depends on axioms: [propext, Classical.choice, Quot.sound]
info: AuditVerification.lean:34:0: 'StableAudit.submitted_cauchy_counterexample' depends on axioms: [propext, Classical.choice, Quot.sound]
info: AuditVerification.lean:35:0: 'StableAudit.cauchy_stable' depends on axioms: [propext, Classical.choice, Quot.sound]
info: AuditVerification.lean:36:0: 'StableAudit.cauchy_stable_short' depends on axioms: [propext, Classical.choice, Quot.sound]
info: AuditVerification.lean:37:0: 'StableAudit.stableExpr_power' depends on axioms: [propext, Classical.choice, Quot.sound]
info: AuditVerification.lean:38:0: 'StableAudit.submitted_alpha_one_ignores_skew' depends on axioms: [propext, Classical.choice, Quot.sound]
info: AuditVerification.lean:39:0: 'StableAudit.stableS1Expr_power' depends on axioms: [propext, Classical.choice, Quot.sound]
info: AuditVerification.lean:40:0: 'StableAudit.stableS1Expr_gaussian' depends on axioms: [propext, Classical.choice, Quot.sound]
info: AuditVerification.lean:41:0: 'StableAudit.stableS1Expr_cauchy' depends on axioms: [propext, Classical.choice, Quot.sound]
info: AuditVerification.lean:42:0: 'StableAudit.stableS1Expr_at_zero' depends on axioms: [propext, Classical.choice, Quot.sound]
info: AuditVerification.lean:43:0: 'AuditTails.pareto_log_ratio_tendsto' depends on axioms: [propext, Classical.choice, Quot.sound]
info: AuditVerification.lean:44:0: 'AuditTails.pareto_hasFiniteTailExponent' depends on axioms: [propext, Classical.choice, Quot.sound]
info: AuditVerification.lean:45:0: 'AuditTails.tailExponentReal_pareto' depends on axioms: [propext, Classical.choice, Quot.sound]
info: AuditVerification.lean:46:0: 'AuditTails.tailExponentReal_zero' depends on axioms: [propext, Classical.choice, Quot.sound]
info: AuditVerification.lean:47:0: 'AuditTails.real_liminf_of_tendsto_atTop' depends on axioms: [propext, Classical.choice, Quot.sound]
info: AuditVerification.lean:48:0: 'AuditTails.tail_log_ratio_of_ratio_tendsto' depends on axioms: [propext, Classical.choice, Quot.sound]
info: AuditVerification.lean:49:0: 'AuditTails.subexponential_ratio_tailExponent' depends on axioms: [propext, Classical.choice, Quot.sound]
info: AuditVerification.lean:50:0: 'AuditTails.convexOn_rpow_neg_right' depends on axioms: [propext, Classical.choice, Quot.sound]
info: AuditVerification.lean:51:0: 'AuditTails.frechet_formula_maxstable' depends on axioms: [propext, Classical.choice, Quot.sound]
info: AuditVerification.lean:52:0: 'AuditTails.frechet_cdf_maxstable' depends on axioms: [propext, Classical.choice, Quot.sound]
info: AuditVerification.lean:53:0: 'AuditTails.gumbel_maxstable' depends on axioms: [propext, Classical.choice, Quot.sound]
info: AuditVerification.lean:54:0: 'Taleb.Proof01.repaired' depends on axioms: [propext, Classical.choice, Quot.sound]
info: AuditVerification.lean:55:0: 'Taleb.Proof02.repaired' depends on axioms: [propext, Classical.choice, Quot.sound]
info: AuditVerification.lean:56:0: 'Taleb.Proof03.repaired' depends on axioms: [propext, Classical.choice, Quot.sound]
info: AuditVerification.lean:57:0: 'Taleb.Proof04.repaired' depends on axioms: [propext, Classical.choice, Quot.sound]
info: AuditVerification.lean:58:0: 'Taleb.Proof05.repaired' depends on axioms: [propext, Classical.choice, Quot.sound]
info: AuditVerification.lean:59:0: 'Taleb.Proof06.repaired' depends on axioms: [propext, Classical.choice, Quot.sound]
info: AuditVerification.lean:60:0: 'Taleb.Proof07.repaired' depends on axioms: [propext, Classical.choice, Quot.sound]
info: AuditVerification.lean:61:0: 'Taleb.Proof08.repaired' depends on axioms: [propext, Classical.choice, Quot.sound]
info: AuditVerification.lean:62:0: 'Taleb.Proof09.repaired' depends on axioms: [propext, Classical.choice, Quot.sound]
info: AuditVerification.lean:63:0: 'Taleb.Proof10.repaired' depends on axioms: [propext, Classical.choice, Quot.sound]
info: AuditVerification.lean:64:0: 'Taleb.Proof11.repaired' depends on axioms: [propext, Classical.choice, Quot.sound]
info: AuditVerification.lean:65:0: 'Taleb.Proof12.repaired' depends on axioms: [propext, Classical.choice, Quot.sound]
info: AuditVerification.lean:66:0: 'Taleb.Proof13.repaired' depends on axioms: [propext, Classical.choice, Quot.sound]
info: AuditVerification.lean:67:0: 'Taleb.Proof14.repaired' depends on axioms: [propext, Classical.choice, Quot.sound]
info: AuditVerification.lean:68:0: 'Taleb.Proof15.repaired' depends on axioms: [propext, Classical.choice, Quot.sound]
info: AuditVerification.lean:69:0: 'Taleb.Proof16.repaired' depends on axioms: [propext, Classical.choice, Quot.sound]
Build completed successfully (2643 jobs).
