AuditRepairs/Foundations.lean: OK
AuditRepairs/ImplicitSetDiagnostic.lean: OK
AuditRepairs/ProbabilityBridge.lean: OK
AuditRepairs/RegularVariation.lean: OK
AuditRepairs/Stable.lean: OK
AuditRepairs/Tails.lean: OK
AuditRepairs.lean: OK
AuditVerification.lean: OK
Proofs/Proof01_SlowlyVaryingLog.lean: OK
Proofs/Proof02_SlowlyVaryingConst.lean: OK
Proofs/Proof03_SlowlyVaryingOfTendsto.lean: OK
Proofs/Proof04_RegularlyVaryingMul.lean: OK
Proofs/Proof05_RegularlyVaryingRpow.lean: OK
Proofs/Proof06_RVIffSlowlyVarying.lean: OK
Proofs/Proof07_TailExponentPareto.lean: OK
Proofs/Proof08_SubexponentialTailExponent.lean: OK
Proofs/Proof09_ConvexOnRpowNeg.lean: OK
Proofs/Proof10_FrechetMaxstable.lean: OK
Proofs/Proof11_GumbelMaxstable.lean: OK
Proofs/Proof12_StableCharFnGaussian.lean: OK
Proofs/Proof13_GaussianStable.lean: OK
Proofs/Proof14_StableCharFnCauchy.lean: OK
Proofs/Proof15_CauchyStable.lean: OK
Proofs/Proof16_StableCharFnStable.lean: OK
README.md: OK
docs/FORMALIZATION_BACKLOG.json: OK
docs/FORMALIZATION_BACKLOG.md: OK
docs/MATHLIB_AND_WORK_ORDER.md: OK
docs/REPLACEMENT_MAP.md: OK
docs/SOURCE_GATES.md: OK
docs/replacement_map.json: OK
docs/source_inventory/chapter_coverage.json: OK
docs/source_inventory/equation_index.json: OK
docs/source_inventory/section_index.json: OK
docs/source_inventory/source_metadata.json: OK
docs/source_inventory/statement_heading_index.json: OK
evidence/Proof01_SlowlyVaryingLog.log: OK
evidence/Proof02_SlowlyVaryingConst.log: OK
evidence/Proof03_SlowlyVaryingOfTendsto.log: OK
evidence/Proof04_RegularlyVaryingMul.log: OK
evidence/Proof05_HypothesisRepair.log: OK
evidence/Proof05_HypothesisRepair.patch: OK
evidence/Proof05_ImportOnly.log: OK
evidence/Proof05_ImportOnly.patch: OK
evidence/Proof05_RegularlyVaryingRpow.log: OK
evidence/Proof06_RVIffSlowlyVarying.log: OK
evidence/Proof07_TailExponentPareto.log: OK
evidence/Proof08_SubexponentialTailExponent.log: OK
evidence/Proof09_ConvexOnRpowNeg.log: OK
evidence/Proof10_FrechetMaxstable.log: OK
evidence/Proof11_GumbelMaxstable.log: OK
evidence/Proof12_StableCharFnGaussian.log: OK
evidence/Proof13_GaussianStable.log: OK
evidence/Proof14_StableCharFnCauchy.log: OK
evidence/Proof15_CauchyStable.log: OK
evidence/Proof16_StableCharFnStable.log: OK
evidence/aggregate.log: OK
evidence/build_environment.md: OK
evidence/current/axioms.log: OK
evidence/current/build.log: OK
evidence/current/declarations.json: OK
evidence/current/verification.json: OK
evidence/proof09_probe.log: OK
evidence/source/mathlib-proofs-16.zip: OK
evidence/summary.json: OK
lake-manifest.json: OK
lakefile.toml: OK
lean-toolchain: OK
scripts/build_handoff_pdf.py: OK
scripts/index_book.py: OK
scripts/rebuild_curated_inventory.py: OK
scripts/verify.py: OK
