# command: python3 scripts/harness_regression.py
# cwd: /home/jett/Documents/GitHub/taleb-formalization/Taleb_Lean_Repairs
# start: 2026-09-19T04:25:36Z
# git HEAD: 1231b56900ae8c93f95b16fe0b383500c3d99935
valid                            exit=0 status=PASS -> ok
private_sorry_theorem            exit=1 status=FAIL -> ok
private_sorry_def                exit=1 status=FAIL -> ok
private_axiom                    exit=1 status=FAIL -> ok
structure_namespace_theorem      exit=1 status=FAIL -> ok
protected_theorem                exit=1 status=FAIL -> ok
alias_map_mismatch               exit=1 status=FAIL -> ok
alias_map_mismatch_optimized     exit=1 status=FAIL -> ok
orphan_module                    exit=1 status=FAIL -> ok
nested_orphan_module             exit=1 status=FAIL -> ok
nested_imported_module           exit=0 status=PASS -> ok
dirty_dependency                 exit=1 status=FAIL -> ok
ALL FIXTURES BEHAVED AS EXPECTED
# end: 2026-09-19T04:43:16Z
# elapsed_seconds: 1060
# exit_code: 0
