# verify.py regression suite; started 2026-09-19T04:25:42Z; scratch copy /tmp/taleb_harness_regression_e98zvc8x/Taleb_Lean_Repairs
# pristine source tree sha256 (all non-.lake files, path+content): 6451c16188599704b1fdcf18b0545539519206015394bbb9abf635fdd3fb4239
# per fixture: sources re-extracted, .lake/build restored from the pristine snapshot, tree hash re-checked, then the mutation is applied

## fixture valid: Unmodified copy of the project (positive control).
restored tree sha256 before mutation: 6451c16188599704b1fdcf18b0545539519206015394bbb9abf635fdd3fb4239 (matches pristine: True; .lake/build reset from snapshot: True)
command: python3 scripts/verify.py  (cwd=/tmp/taleb_harness_regression_e98zvc8x/Taleb_Lean_Repairs; env overrides=none)
verifier subprocess exit code: 0  (expected: 0); wall time 82.1s
verification.json: status=PASS error=''  (expected status PASS)
regression verdict: OK, behaved as expected

## fixture private_sorry_theorem: private theorem ... : False := by sorry appended to RegularVariation.lean (audit A1).
restored tree sha256 before mutation: 6451c16188599704b1fdcf18b0545539519206015394bbb9abf635fdd3fb4239 (matches pristine: True; .lake/build reset from snapshot: True)
command: python3 scripts/verify.py  (cwd=/tmp/taleb_harness_regression_e98zvc8x/Taleb_Lean_Repairs; env overrides=none)
verifier subprocess exit code: 1  (expected: nonzero); wall time 31.9s
verification.json: status=FAIL error="Compiler diagnostics in lake build:\nwarning: AuditRepairs/RegularVariation.lean:133:16: declaration uses 'sorry'"  (expected status FAIL, error containing 'Compiler diagnostics in lake build')
trust scan alone lists _private.AuditRepairs.RegularVariation.0.audit_private_gap with axioms ['sorryAx'] -> reported
regression verdict: OK, behaved as expected

## fixture private_sorry_def: private noncomputable def ... : ℝ := sorry appended to Tails.lean (audit A1).
restored tree sha256 before mutation: 6451c16188599704b1fdcf18b0545539519206015394bbb9abf635fdd3fb4239 (matches pristine: True; .lake/build reset from snapshot: True)
command: python3 scripts/verify.py  (cwd=/tmp/taleb_harness_regression_e98zvc8x/Taleb_Lean_Repairs; env overrides=none)
verifier subprocess exit code: 1  (expected: nonzero); wall time 38.3s
verification.json: status=FAIL error="Compiler diagnostics in lake build:\nwarning: AuditRepairs/Tails.lean:201:26: declaration uses 'sorry'"  (expected status FAIL, error containing 'Compiler diagnostics in lake build')
trust scan alone lists _private.AuditRepairs.Tails.0.audit_gap_def with axioms ['Classical.choice', 'Quot.sound', 'propext', 'sorryAx'] -> reported
regression verdict: OK, behaved as expected

## fixture private_axiom: private axiom (no sorry, no compiler warning) plus a private theorem using it, appended to Foundations.lean (audit A1).
restored tree sha256 before mutation: 6451c16188599704b1fdcf18b0545539519206015394bbb9abf635fdd3fb4239 (matches pristine: True; .lake/build reset from snapshot: True)
command: python3 scripts/verify.py  (cwd=/tmp/taleb_harness_regression_e98zvc8x/Taleb_Lean_Repairs; env overrides=none)
verifier subprocess exit code: 1  (expected: nonzero); wall time 108.6s
verification.json: status=FAIL error="Constants outside the axiom allowlist (all project constants, including private/internal ones, are scanned): {'_private.AuditRepairs.Foundations.0.audit_private_axiom': ['Classical.choice', 'Quot.sound', '_private.AuditRepairs.Foundations.0.audit_private_axiom', 'propext'], '_private.AuditRepairs.Foundations.0.audit_uses_private_axiom': ['Classical.choice', 'Quot.sound', '_private.AuditRepairs.Foundations.0.audit_private_axiom', 'propext']}"  (expected status FAIL, error containing 'outside the axiom allowlist')
regression verdict: OK, behaved as expected

## fixture structure_namespace_theorem: User-written protected theorem inside the StableParameters namespace, appended to Stable.lean (audit A2).
restored tree sha256 before mutation: 6451c16188599704b1fdcf18b0545539519206015394bbb9abf635fdd3fb4239 (matches pristine: True; .lake/build reset from snapshot: True)
command: python3 scripts/verify.py  (cwd=/tmp/taleb_harness_regression_e98zvc8x/Taleb_Lean_Repairs; env overrides=none)
verifier subprocess exit code: 1  (expected: nonzero); wall time 117.2s
verification.json: status=FAIL error="Environment/regex inventory mismatch: ['StableAudit.StableParameters.audit_user_theorem']"  (expected status FAIL, error containing 'Environment/regex inventory mismatch')
regression verdict: OK, behaved as expected

## fixture protected_theorem: protected theorem AuditRV.regex_blind_spot appended to RegularVariation.lean (regex-invisible declaration).
restored tree sha256 before mutation: 6451c16188599704b1fdcf18b0545539519206015394bbb9abf635fdd3fb4239 (matches pristine: True; .lake/build reset from snapshot: True)
command: python3 scripts/verify.py  (cwd=/tmp/taleb_harness_regression_e98zvc8x/Taleb_Lean_Repairs; env overrides=none)
verifier subprocess exit code: 1  (expected: nonzero); wall time 111.3s
verification.json: status=FAIL error="Environment/regex inventory mismatch: ['AuditRV.regex_blind_spot']"  (expected status FAIL, error containing 'Environment/regex inventory mismatch')
regression verdict: OK, behaved as expected

## fixture alias_map_mismatch: docs/replacement_map.json entry for Proof16 points at a wrong declaration (audit A3, ordinary mode).
restored tree sha256 before mutation: 6451c16188599704b1fdcf18b0545539519206015394bbb9abf635fdd3fb4239 (matches pristine: True; .lake/build reset from snapshot: True)
command: python3 scripts/verify.py  (cwd=/tmp/taleb_harness_regression_e98zvc8x/Taleb_Lean_Repairs; env overrides=none)
verifier subprocess exit code: 1  (expected: nonzero); wall time 80.4s
verification.json: status=FAIL error="Alias targets differ from docs/replacement_map.json: {'Taleb.Proof16.repaired': ('AuditProbability.stableS1_convolutionPower_eq', 'AuditProbability.charFun_convolutionPower')}"  (expected status FAIL, error containing 'Alias targets differ')
regression verdict: OK, behaved as expected

## fixture alias_map_mismatch_optimized: Same mutation as alias_map_mismatch, verifier run with PYTHONOPTIMIZE=1 (audit A3, optimized mode).
restored tree sha256 before mutation: 6451c16188599704b1fdcf18b0545539519206015394bbb9abf635fdd3fb4239 (matches pristine: True; .lake/build reset from snapshot: True)
command: python3 scripts/verify.py  (cwd=/tmp/taleb_harness_regression_e98zvc8x/Taleb_Lean_Repairs; env overrides={'PYTHONOPTIMIZE': '1'})
verifier subprocess exit code: 1  (expected: nonzero); wall time 79.7s
verification.json: status=FAIL error="Alias targets differ from docs/replacement_map.json: {'Taleb.Proof16.repaired': ('AuditProbability.stableS1_convolutionPower_eq', 'AuditProbability.charFun_convolutionPower')}"  (expected status FAIL, error containing 'Alias targets differ')
regression verdict: OK, behaved as expected

## fixture orphan_module: New flat module AuditRepairs/Orphan.lean (a def, no theorem) that no project file imports.
restored tree sha256 before mutation: 6451c16188599704b1fdcf18b0545539519206015394bbb9abf635fdd3fb4239 (matches pristine: True; .lake/build reset from snapshot: True)
command: python3 scripts/verify.py  (cwd=/tmp/taleb_harness_regression_e98zvc8x/Taleb_Lean_Repairs; env overrides=none)
verifier subprocess exit code: 1  (expected: nonzero); wall time 80.0s
verification.json: status=FAIL error="Project modules on disk that are not imported into the environment (unscanned): ['AuditRepairs.Orphan']"  (expected status FAIL, error containing 'not imported into the environment')
regression verdict: OK, behaved as expected

## fixture nested_orphan_module: New nested module AuditRepairs/Nested/Orphan.lean containing a private theorem of False proved by sorry, imported by nothing (audit V1).
restored tree sha256 before mutation: 6451c16188599704b1fdcf18b0545539519206015394bbb9abf635fdd3fb4239 (matches pristine: True; .lake/build reset from snapshot: True)
command: python3 scripts/verify.py  (cwd=/tmp/taleb_harness_regression_e98zvc8x/Taleb_Lean_Repairs; env overrides=none)
verifier subprocess exit code: 1  (expected: nonzero); wall time 80.6s
verification.json: status=FAIL error="Project modules on disk that are not imported into the environment (unscanned): ['AuditRepairs.Nested.Orphan']"  (expected status FAIL, error containing 'not imported into the environment')
regression verdict: OK, behaved as expected

## fixture nested_imported_module: New nested module AuditRepairs/Nested/Extra.lean with a public theorem, imported from AuditRepairs.lean, AuditVerification.lean regenerated (positive control for recursive discovery).
restored tree sha256 before mutation: 6451c16188599704b1fdcf18b0545539519206015394bbb9abf635fdd3fb4239 (matches pristine: True; .lake/build reset from snapshot: True)
command: python3 scripts/verify.py  (cwd=/tmp/taleb_harness_regression_e98zvc8x/Taleb_Lean_Repairs; env overrides=none)
verifier subprocess exit code: 0  (expected: 0); wall time 108.9s
verification.json: status=PASS error=''  (expected status PASS)
nested module imported and its theorem scanned: True
regression verdict: OK, behaved as expected

## fixture dirty_dependency: Tracked file modified inside .lake/packages/Cli (dependency working tree not clean).
restored tree sha256 before mutation: 6451c16188599704b1fdcf18b0545539519206015394bbb9abf635fdd3fb4239 (matches pristine: True; .lake/build reset from snapshot: True)
command: python3 scripts/verify.py  (cwd=/tmp/taleb_harness_regression_e98zvc8x/Taleb_Lean_Repairs; env overrides=none)
verifier subprocess exit code: 1  (expected: nonzero); wall time 0.5s
verification.json: status=FAIL error='Dependency Cli has working-tree modifications:\nM README.md'  (expected status FAIL, error containing 'working-tree modifications')
regression verdict: OK, behaved as expected

# summary: 12 fixtures; all behaved as expected: True. The real project was not mutated.
