# command: rm -rf .lake/build; lake build
# cwd: /home/jett/Documents/GitHub/taleb-formalization/Taleb_Lean_Repairs
# start: 2026-09-19T01:25:20Z
# git HEAD: 2f1328e1cbee8aef2e3f9c142d503482e7f72035
ℹ [2618/2643] Built AuditRepairs.ImplicitSetDiagnostic (1.4s)
info: AuditRepairs/ImplicitSetDiagnostic.lean:23:0: @signature_probe : ∀ {univ : Set ℝ} {c : ℝ},
  0 < c → (ConvexOn ℝ univ fun α => c ^ (-α)) → ConvexOn ℝ univ fun α => c ^ (-α)
info: AuditRepairs/ImplicitSetDiagnostic.lean:24:0: theorem Proof09Probe.signature_probe : ∀ {univ : Set ℝ} {c : ℝ},
  0 < c → (ConvexOn ℝ univ fun α => c ^ (-α)) → ConvexOn ℝ univ fun α => c ^ (-α) :=
fun {univ} {c} _hc h => h
info: AuditRepairs/ImplicitSetDiagnostic.lean:30:0: @statement : {univ : Set ℝ} → {c : ℝ} → 0 < c → Prop
info: AuditRepairs/ImplicitSetDiagnostic.lean:31:0: def Proof09Probe.statement : {univ : Set ℝ} → {c : ℝ} → 0 < c → Prop :=
fun {univ} {c} _hc => ConvexOn ℝ univ fun α => c ^ (-α)
info: AuditRepairs/ImplicitSetDiagnostic.lean:49:0: 'Proof09Probe.submitted_statement_counterexample' depends on axioms: [propext, Classical.choice, Quot.sound]
ℹ [2619/2643] Built AuditRepairs.RegularVariation (2.5s)
info: AuditRepairs/RegularVariation.lean:125:0: 'AuditRV.isSlowlyVarying_log' depends on axioms: [propext, Classical.choice, Quot.sound]
info: AuditRepairs/RegularVariation.lean:126:0: 'AuditRV.isSlowlyVarying_const' depends on axioms: [propext, Classical.choice, Quot.sound]
info: AuditRepairs/RegularVariation.lean:127:0: 'AuditRV.isSlowlyVarying_neg_one' depends on axioms: [propext, Classical.choice, Quot.sound]
info: AuditRepairs/RegularVariation.lean:128:0: 'AuditRV.IsSlowlyVarying.of_tendsto_const' depends on axioms: [propext, Classical.choice, Quot.sound]
info: AuditRepairs/RegularVariation.lean:129:0: 'AuditRV.IsRegularlyVarying.mul' depends on axioms: [propext, Classical.choice, Quot.sound]
info: AuditRepairs/RegularVariation.lean:130:0: 'AuditRV.IsRegularlyVarying.rpow' depends on axioms: [propext, Classical.choice, Quot.sound]
info: AuditRepairs/RegularVariation.lean:131:0: 'AuditRV.isRegularlyVarying_iff_slowlyVarying' depends on axioms: [propext, Classical.choice, Quot.sound]
✔ [2620/2643] Built Proofs.Proof01_SlowlyVaryingLog (1.1s)
✔ [2621/2643] Built Proofs.Proof02_SlowlyVaryingConst (1.1s)
✔ [2622/2643] Built Proofs.Proof03_SlowlyVaryingOfTendsto (1.1s)
✔ [2623/2643] Built Proofs.Proof04_RegularlyVaryingMul (1.1s)
✔ [2624/2643] Built Proofs.Proof05_RegularlyVaryingRpow (1.1s)
✔ [2625/2643] Built Proofs.Proof06_RVIffSlowlyVarying (1.1s)
ℹ [2626/2643] Built AuditRepairs.Tails (3.9s)
info: AuditRepairs/Tails.lean:188:0: 'AuditTails.pareto_log_ratio_tendsto' depends on axioms: [propext, Classical.choice, Quot.sound]
info: AuditRepairs/Tails.lean:189:0: 'AuditTails.pareto_hasFiniteTailExponent' depends on axioms: [propext, Classical.choice, Quot.sound]
info: AuditRepairs/Tails.lean:190:0: 'AuditTails.tailExponentReal_pareto' depends on axioms: [propext, Classical.choice, Quot.sound]
info: AuditRepairs/Tails.lean:191:0: 'AuditTails.tailExponentReal_zero' depends on axioms: [propext, Classical.choice, Quot.sound]
info: AuditRepairs/Tails.lean:192:0: 'AuditTails.real_liminf_of_tendsto_atTop' depends on axioms: [propext, Classical.choice, Quot.sound]
info: AuditRepairs/Tails.lean:193:0: 'AuditTails.tail_log_ratio_of_ratio_tendsto' depends on axioms: [propext, Classical.choice, Quot.sound]
info: AuditRepairs/Tails.lean:194:0: 'AuditTails.subexponential_ratio_tailExponent' depends on axioms: [propext, Classical.choice, Quot.sound]
info: AuditRepairs/Tails.lean:195:0: 'AuditTails.convexOn_rpow_neg_right' depends on axioms: [propext, Classical.choice, Quot.sound]
info: AuditRepairs/Tails.lean:196:0: 'AuditTails.frechetFormula_zero' depends on axioms: [propext, Classical.choice, Quot.sound]
info: AuditRepairs/Tails.lean:197:0: 'AuditTails.frechet_formula_maxstable' depends on axioms: [propext, Classical.choice, Quot.sound]
info: AuditRepairs/Tails.lean:198:0: 'AuditTails.frechet_cdf_maxstable' depends on axioms: [propext, Classical.choice, Quot.sound]
info: AuditRepairs/Tails.lean:199:0: 'AuditTails.gumbel_maxstable' depends on axioms: [propext, Classical.choice, Quot.sound]
ℹ [2627/2643] Built AuditRepairs.Stable (4.2s)
info: AuditRepairs/Stable.lean:203:0: 'StableAudit.gaussian_specialization' depends on axioms: [propext, Classical.choice, Quot.sound]
info: AuditRepairs/Stable.lean:204:0: 'StableAudit.gaussian_specialization_general' depends on axioms: [propext, Classical.choice, Quot.sound]
info: AuditRepairs/Stable.lean:205:0: 'StableAudit.submitted_gaussian_counterexample' depends on axioms: [propext, Classical.choice, Quot.sound]
info: AuditRepairs/Stable.lean:206:0: 'StableAudit.gaussian_stable_real' depends on axioms: [propext, Classical.choice, Quot.sound]
info: AuditRepairs/Stable.lean:207:0: 'StableAudit.gaussian_stable_real_short' depends on axioms: [propext, Classical.choice, Quot.sound]
info: AuditRepairs/Stable.lean:208:0: 'StableAudit.cauchy_specialization' depends on axioms: [propext, Classical.choice, Quot.sound]
info: AuditRepairs/Stable.lean:209:0: 'StableAudit.submitted_cauchy_counterexample' depends on axioms: [propext, Classical.choice, Quot.sound]
info: AuditRepairs/Stable.lean:210:0: 'StableAudit.cauchy_stable' depends on axioms: [propext, Classical.choice, Quot.sound]
info: AuditRepairs/Stable.lean:211:0: 'StableAudit.cauchy_stable_short' depends on axioms: [propext, Classical.choice, Quot.sound]
info: AuditRepairs/Stable.lean:212:0: 'StableAudit.stableExpr_power' depends on axioms: [propext, Classical.choice, Quot.sound]
info: AuditRepairs/Stable.lean:213:0: 'StableAudit.submitted_alpha_one_ignores_skew' depends on axioms: [propext, Classical.choice, Quot.sound]
info: AuditRepairs/Stable.lean:214:0: 'StableAudit.stableS1Expr_power' depends on axioms: [propext, Classical.choice, Quot.sound]
✔ [2628/2643] Built Proofs.Proof07_TailExponentPareto (1.1s)
✔ [2629/2643] Built Proofs.Proof09_ConvexOnRpowNeg (1.1s)
✔ [2630/2643] Built Proofs.Proof10_FrechetMaxstable (1.1s)
✔ [2631/2643] Built Proofs.Proof11_GumbelMaxstable (1.1s)
✔ [2632/2643] Built AuditRepairs.Foundations (1.3s)
✔ [2633/2643] Built Proofs.Proof12_StableCharFnGaussian (1.2s)
✔ [2634/2643] Built Proofs.Proof13_GaussianStable (1.1s)
✔ [2635/2643] Built Proofs.Proof14_StableCharFnCauchy (1.1s)
✔ [2636/2643] Built Proofs.Proof15_CauchyStable (1.1s)
✔ [2637/2643] Built AuditRepairs.ProbabilityBridge (1.5s)
✔ [2638/2643] Built Proofs.Proof08_SubexponentialTailExponent (1.2s)
✔ [2639/2643] Built Proofs.Proof16_StableCharFnStable (1.1s)
✔ [2640/2643] Built AuditRepairs (1.1s)
ℹ [2642/2643] Built AuditVerification (16s)
info: AuditVerification.lean:3:0: 'AuditRV.regularlyVarying_zero_iff' depends on axioms: [propext, Classical.choice, Quot.sound]
info: AuditVerification.lean:4:0: 'AuditRV.regularlyVarying_power' depends on axioms: [propext, Classical.choice, Quot.sound]
info: AuditVerification.lean:5:0: 'AuditRV.IsRegularlyVarying.congr' depends on axioms: [propext, Classical.choice, Quot.sound]
info: AuditVerification.lean:6:0: 'AuditRV.IsRegularlyVarying.const_mul' depends on axioms: [propext, Classical.choice, Quot.sound]
info: AuditVerification.lean:7:0: 'AuditRV.IsSlowlyVarying.mul' depends on axioms: [propext, Classical.choice, Quot.sound]
info: AuditVerification.lean:8:0: 'AuditRV.IsSlowlyVarying.rpow' depends on axioms: [propext, Classical.choice, Quot.sound]
info: AuditVerification.lean:9:0: 'AuditTails.HasFiniteTailExponent.unique' depends on axioms: [propext, Classical.choice, Quot.sound]
info: AuditVerification.lean:10:0: 'AuditTails.HasFiniteTailExponent.liminf_eq' depends on axioms: [propext, Classical.choice, Quot.sound]
info: AuditVerification.lean:11:0: 'AuditTails.pareto_power_tail' depends on axioms: [propext, Classical.choice, Quot.sound]
info: AuditVerification.lean:12:0: 'AuditMoments.gamma_mixture_excess' depends on axioms: [propext, Classical.choice, Quot.sound]
info: AuditVerification.lean:13:0: 'AuditMoments.gamma_mixture_excess_pos' depends on axioms: [propext, Classical.choice, Quot.sound]
info: AuditVerification.lean:14:0: 'Proof09Probe.signature_probe' depends on axioms: [propext, Classical.choice, Quot.sound]
info: AuditVerification.lean:15:0: 'Proof09Probe.pair_not_convex' depends on axioms: [propext, Classical.choice, Quot.sound]
info: AuditVerification.lean:16:0: 'Proof09Probe.submitted_statement_counterexample' depends on axioms: [propext, Classical.choice, Quot.sound]
info: AuditVerification.lean:17:0: 'AuditProbability.IsSubexponential.finiteTailExponent' depends on axioms: [propext, Classical.choice, Quot.sound]
info: AuditVerification.lean:18:0: 'AuditProbability.convolutionPower_probability' depends on axioms: [propext, Classical.choice, Quot.sound]
info: AuditVerification.lean:19:0: 'AuditProbability.charFun_convolutionPower' depends on axioms: [propext, Classical.choice, Quot.sound]
info: AuditVerification.lean:20:0: 'AuditProbability.stableS1_convolutionPower_eq' depends on axioms: [propext, Classical.choice, Quot.sound]
info: AuditVerification.lean:21:0: 'AuditProbability.law_independent_sum' depends on axioms: [propext, Classical.choice, Quot.sound]
info: AuditVerification.lean:22:0: 'AuditRV.isSlowlyVarying_log' depends on axioms: [propext, Classical.choice, Quot.sound]
info: AuditVerification.lean:23:0: 'AuditRV.isSlowlyVarying_const' depends on axioms: [propext, Classical.choice, Quot.sound]
info: AuditVerification.lean:24:0: 'AuditRV.isSlowlyVarying_neg_one' depends on axioms: [propext, Classical.choice, Quot.sound]
info: AuditVerification.lean:25:0: 'AuditRV.IsSlowlyVarying.of_tendsto_const' depends on axioms: [propext, Classical.choice, Quot.sound]
info: AuditVerification.lean:26:0: 'AuditRV.IsRegularlyVarying.mul' depends on axioms: [propext, Classical.choice, Quot.sound]
info: AuditVerification.lean:27:0: 'AuditRV.IsRegularlyVarying.rpow' depends on axioms: [propext, Classical.choice, Quot.sound]
info: AuditVerification.lean:28:0: 'AuditRV.isRegularlyVarying_iff_slowlyVarying' depends on axioms: [propext, Classical.choice, Quot.sound]
info: AuditVerification.lean:29:0: 'StableAudit.gaussian_specialization' depends on axioms: [propext, Classical.choice, Quot.sound]
info: AuditVerification.lean:30:0: 'StableAudit.gaussian_specialization_general' depends on axioms: [propext, Classical.choice, Quot.sound]
info: AuditVerification.lean:31:0: 'StableAudit.submitted_gaussian_counterexample' depends on axioms: [propext, Classical.choice, Quot.sound]
info: AuditVerification.lean:32:0: 'StableAudit.gaussian_stable_real' depends on axioms: [propext, Classical.choice, Quot.sound]
info: AuditVerification.lean:33:0: 'StableAudit.gaussian_stable_real_short' depends on axioms: [propext, Classical.choice, Quot.sound]
info: AuditVerification.lean:34:0: 'StableAudit.cauchy_specialization' depends on axioms: [propext, Classical.choice, Quot.sound]
info: AuditVerification.lean:35:0: 'StableAudit.submitted_cauchy_counterexample' depends on axioms: [propext, Classical.choice, Quot.sound]
info: AuditVerification.lean:36:0: 'StableAudit.cauchy_stable' depends on axioms: [propext, Classical.choice, Quot.sound]
info: AuditVerification.lean:37:0: 'StableAudit.cauchy_stable_short' depends on axioms: [propext, Classical.choice, Quot.sound]
info: AuditVerification.lean:38:0: 'StableAudit.stableExpr_power' depends on axioms: [propext, Classical.choice, Quot.sound]
info: AuditVerification.lean:39:0: 'StableAudit.submitted_alpha_one_ignores_skew' depends on axioms: [propext, Classical.choice, Quot.sound]
info: AuditVerification.lean:40:0: 'StableAudit.stableS1Expr_power' depends on axioms: [propext, Classical.choice, Quot.sound]
info: AuditVerification.lean:41:0: 'StableAudit.stableS1Expr_gaussian' depends on axioms: [propext, Classical.choice, Quot.sound]
info: AuditVerification.lean:42:0: 'StableAudit.stableS1Expr_cauchy' depends on axioms: [propext, Classical.choice, Quot.sound]
info: AuditVerification.lean:43:0: 'StableAudit.stableS1Expr_at_zero' depends on axioms: [propext, Classical.choice, Quot.sound]
info: AuditVerification.lean:44:0: 'AuditTails.pareto_log_ratio_tendsto' depends on axioms: [propext, Classical.choice, Quot.sound]
info: AuditVerification.lean:45:0: 'AuditTails.pareto_hasFiniteTailExponent' depends on axioms: [propext, Classical.choice, Quot.sound]
info: AuditVerification.lean:46:0: 'AuditTails.tailExponentReal_pareto' depends on axioms: [propext, Classical.choice, Quot.sound]
info: AuditVerification.lean:47:0: 'AuditTails.tailExponentReal_zero' depends on axioms: [propext, Classical.choice, Quot.sound]
info: AuditVerification.lean:48:0: 'AuditTails.real_liminf_of_tendsto_atTop' depends on axioms: [propext, Classical.choice, Quot.sound]
info: AuditVerification.lean:49:0: 'AuditTails.tail_log_ratio_of_ratio_tendsto' depends on axioms: [propext, Classical.choice, Quot.sound]
info: AuditVerification.lean:50:0: 'AuditTails.subexponential_ratio_tailExponent' depends on axioms: [propext, Classical.choice, Quot.sound]
info: AuditVerification.lean:51:0: 'AuditTails.convexOn_rpow_neg_right' depends on axioms: [propext, Classical.choice, Quot.sound]
info: AuditVerification.lean:52:0: 'AuditTails.frechetFormula_zero' depends on axioms: [propext, Classical.choice, Quot.sound]
info: AuditVerification.lean:53:0: 'AuditTails.frechet_formula_maxstable' depends on axioms: [propext, Classical.choice, Quot.sound]
info: AuditVerification.lean:54:0: 'AuditTails.frechet_cdf_maxstable' depends on axioms: [propext, Classical.choice, Quot.sound]
info: AuditVerification.lean:55:0: 'AuditTails.gumbel_maxstable' depends on axioms: [propext, Classical.choice, Quot.sound]
info: AuditVerification.lean:56:0: 'Taleb.Proof01.repaired' depends on axioms: [propext, Classical.choice, Quot.sound]
info: AuditVerification.lean:57:0: 'Taleb.Proof02.repaired' depends on axioms: [propext, Classical.choice, Quot.sound]
info: AuditVerification.lean:58:0: 'Taleb.Proof03.repaired' depends on axioms: [propext, Classical.choice, Quot.sound]
info: AuditVerification.lean:59:0: 'Taleb.Proof04.repaired' depends on axioms: [propext, Classical.choice, Quot.sound]
info: AuditVerification.lean:60:0: 'Taleb.Proof05.repaired' depends on axioms: [propext, Classical.choice, Quot.sound]
info: AuditVerification.lean:61:0: 'Taleb.Proof06.repaired' depends on axioms: [propext, Classical.choice, Quot.sound]
info: AuditVerification.lean:62:0: 'Taleb.Proof07.repaired' depends on axioms: [propext, Classical.choice, Quot.sound]
info: AuditVerification.lean:63:0: 'Taleb.Proof08.repaired' depends on axioms: [propext, Classical.choice, Quot.sound]
info: AuditVerification.lean:64:0: 'Taleb.Proof09.repaired' depends on axioms: [propext, Classical.choice, Quot.sound]
info: AuditVerification.lean:65:0: 'Taleb.Proof10.repaired' depends on axioms: [propext, Classical.choice, Quot.sound]
info: AuditVerification.lean:66:0: 'Taleb.Proof11.repaired' depends on axioms: [propext, Classical.choice, Quot.sound]
info: AuditVerification.lean:67:0: 'Taleb.Proof12.repaired' depends on axioms: [propext, Classical.choice, Quot.sound]
info: AuditVerification.lean:68:0: 'Taleb.Proof13.repaired' depends on axioms: [propext, Classical.choice, Quot.sound]
info: AuditVerification.lean:69:0: 'Taleb.Proof14.repaired' depends on axioms: [propext, Classical.choice, Quot.sound]
info: AuditVerification.lean:70:0: 'Taleb.Proof15.repaired' depends on axioms: [propext, Classical.choice, Quot.sound]
info: AuditVerification.lean:71:0: 'Taleb.Proof16.repaired' depends on axioms: [propext, Classical.choice, Quot.sound]
Build completed successfully (2643 jobs).
# end: 2026-09-19T01:25:46Z
# elapsed_seconds: 26
# exit_code: 0
