# command: rm -rf .lake/build; lake build
# cwd: /home/jett/Documents/GitHub/taleb-formalization/Taleb_Lean_Repairs
# start: 2026-09-19T18:00:59Z
# git HEAD: 5ec630ab45dc1004f5f6b770e4d74260fd6f32e8
ℹ [2714/2742] Built AuditRepairs.ImplicitSetDiagnostic (1.4s)
info: AuditRepairs/ImplicitSetDiagnostic.lean:23:0: @signature_probe : ∀ {univ : Set ℝ} {c : ℝ},
  0 < c → (ConvexOn ℝ univ fun α => c ^ (-α)) → ConvexOn ℝ univ fun α => c ^ (-α)
info: AuditRepairs/ImplicitSetDiagnostic.lean:24:0: theorem Proof09Probe.signature_probe : ∀ {univ : Set ℝ} {c : ℝ},
  0 < c → (ConvexOn ℝ univ fun α => c ^ (-α)) → ConvexOn ℝ univ fun α => c ^ (-α) :=
fun {univ} {c} _hc h => h
info: AuditRepairs/ImplicitSetDiagnostic.lean:30:0: @statement : {univ : Set ℝ} → {c : ℝ} → 0 < c → Prop
info: AuditRepairs/ImplicitSetDiagnostic.lean:31:0: def Proof09Probe.statement : {univ : Set ℝ} → {c : ℝ} → 0 < c → Prop :=
fun {univ} {c} _hc => ConvexOn ℝ univ fun α => c ^ (-α)
info: AuditRepairs/ImplicitSetDiagnostic.lean:49:0: 'Proof09Probe.submitted_statement_counterexample' depends on axioms: [propext, Classical.choice, Quot.sound]
ℹ [2715/2742] Built AuditRepairs.RegularVariation (2.5s)
info: AuditRepairs/RegularVariation.lean:125:0: 'AuditRV.isSlowlyVarying_log' depends on axioms: [propext, Classical.choice, Quot.sound]
info: AuditRepairs/RegularVariation.lean:126:0: 'AuditRV.isSlowlyVarying_const' depends on axioms: [propext, Classical.choice, Quot.sound]
info: AuditRepairs/RegularVariation.lean:127:0: 'AuditRV.isSlowlyVarying_neg_one' depends on axioms: [propext, Classical.choice, Quot.sound]
info: AuditRepairs/RegularVariation.lean:128:0: 'AuditRV.IsSlowlyVarying.of_tendsto_const' depends on axioms: [propext, Classical.choice, Quot.sound]
info: AuditRepairs/RegularVariation.lean:129:0: 'AuditRV.IsRegularlyVarying.mul' depends on axioms: [propext, Classical.choice, Quot.sound]
info: AuditRepairs/RegularVariation.lean:130:0: 'AuditRV.IsRegularlyVarying.rpow' depends on axioms: [propext, Classical.choice, Quot.sound]
info: AuditRepairs/RegularVariation.lean:131:0: 'AuditRV.isRegularlyVarying_iff_slowlyVarying' depends on axioms: [propext, Classical.choice, Quot.sound]
✔ [2716/2742] Built Proofs.Proof02_SlowlyVaryingConst (1.1s)
✔ [2717/2742] Built Proofs.Proof03_SlowlyVaryingOfTendsto (1.1s)
✔ [2718/2742] Built Proofs.Proof04_RegularlyVaryingMul (1.1s)
✔ [2719/2742] Built Proofs.Proof05_RegularlyVaryingRpow (1.1s)
✔ [2720/2742] Built Proofs.Proof06_RVIffSlowlyVarying (1.1s)
✔ [2721/2742] Built Proofs.Proof01_SlowlyVaryingLog (1.2s)
ℹ [2722/2742] Built AuditRepairs.Tails (3.0s)
info: AuditRepairs/Tails.lean:188:0: 'AuditTails.pareto_log_ratio_tendsto' depends on axioms: [propext, Classical.choice, Quot.sound]
info: AuditRepairs/Tails.lean:189:0: 'AuditTails.pareto_hasFiniteTailExponent' depends on axioms: [propext, Classical.choice, Quot.sound]
info: AuditRepairs/Tails.lean:190:0: 'AuditTails.tailExponentReal_pareto' depends on axioms: [propext, Classical.choice, Quot.sound]
info: AuditRepairs/Tails.lean:191:0: 'AuditTails.tailExponentReal_zero' depends on axioms: [propext, Classical.choice, Quot.sound]
info: AuditRepairs/Tails.lean:192:0: 'AuditTails.real_liminf_of_tendsto_atTop' depends on axioms: [propext, Classical.choice, Quot.sound]
info: AuditRepairs/Tails.lean:193:0: 'AuditTails.tail_log_ratio_of_ratio_tendsto' depends on axioms: [propext, Classical.choice, Quot.sound]
info: AuditRepairs/Tails.lean:194:0: 'AuditTails.subexponential_ratio_tailExponent' depends on axioms: [propext, Classical.choice, Quot.sound]
info: AuditRepairs/Tails.lean:195:0: 'AuditTails.convexOn_rpow_neg_right' depends on axioms: [propext, Classical.choice, Quot.sound]
info: AuditRepairs/Tails.lean:196:0: 'AuditTails.frechetFormula_zero' depends on axioms: [propext, Classical.choice, Quot.sound]
info: AuditRepairs/Tails.lean:197:0: 'AuditTails.frechet_formula_maxstable' depends on axioms: [propext, Classical.choice, Quot.sound]
info: AuditRepairs/Tails.lean:198:0: 'AuditTails.frechet_cdf_maxstable' depends on axioms: [propext, Classical.choice, Quot.sound]
info: AuditRepairs/Tails.lean:199:0: 'AuditTails.gumbel_maxstable' depends on axioms: [propext, Classical.choice, Quot.sound]
ℹ [2723/2742] Built AuditRepairs.Stable (4.3s)
info: AuditRepairs/Stable.lean:203:0: 'StableAudit.gaussian_specialization' depends on axioms: [propext, Classical.choice, Quot.sound]
info: AuditRepairs/Stable.lean:204:0: 'StableAudit.gaussian_specialization_general' depends on axioms: [propext, Classical.choice, Quot.sound]
info: AuditRepairs/Stable.lean:205:0: 'StableAudit.submitted_gaussian_counterexample' depends on axioms: [propext, Classical.choice, Quot.sound]
info: AuditRepairs/Stable.lean:206:0: 'StableAudit.gaussian_stable_real' depends on axioms: [propext, Classical.choice, Quot.sound]
info: AuditRepairs/Stable.lean:207:0: 'StableAudit.gaussian_stable_real_short' depends on axioms: [propext, Classical.choice, Quot.sound]
info: AuditRepairs/Stable.lean:208:0: 'StableAudit.cauchy_specialization' depends on axioms: [propext, Classical.choice, Quot.sound]
info: AuditRepairs/Stable.lean:209:0: 'StableAudit.submitted_cauchy_counterexample' depends on axioms: [propext, Classical.choice, Quot.sound]
info: AuditRepairs/Stable.lean:210:0: 'StableAudit.cauchy_stable' depends on axioms: [propext, Classical.choice, Quot.sound]
info: AuditRepairs/Stable.lean:211:0: 'StableAudit.cauchy_stable_short' depends on axioms: [propext, Classical.choice, Quot.sound]
info: AuditRepairs/Stable.lean:212:0: 'StableAudit.stableExpr_power' depends on axioms: [propext, Classical.choice, Quot.sound]
info: AuditRepairs/Stable.lean:213:0: 'StableAudit.submitted_alpha_one_ignores_skew' depends on axioms: [propext, Classical.choice, Quot.sound]
info: AuditRepairs/Stable.lean:214:0: 'StableAudit.stableS1Expr_power' depends on axioms: [propext, Classical.choice, Quot.sound]
✔ [2724/2742] Built Proofs.Proof10_FrechetMaxstable (1.1s)
✔ [2725/2742] Built Proofs.Proof11_GumbelMaxstable (1.1s)
✔ [2726/2742] Built Proofs.Proof07_TailExponentPareto (1.2s)
✔ [2727/2742] Built Proofs.Proof09_ConvexOnRpowNeg (1.2s)
✔ [2728/2742] Built AuditRepairs.Foundations (1.4s)
✔ [2729/2742] Built Proofs.Proof13_GaussianStable (1.1s)
✔ [2730/2742] Built Proofs.Proof12_StableCharFnGaussian (1.2s)
✔ [2731/2742] Built Proofs.Proof14_StableCharFnCauchy (1.2s)
✔ [2732/2742] Built Proofs.Proof15_CauchyStable (1.1s)
✔ [2733/2742] Built AuditRepairs.ProbabilityBridge (1.5s)
✔ [2734/2742] Built Proofs.Proof08_SubexponentialTailExponent (1.2s)
✔ [2735/2742] Built Proofs.Proof16_StableCharFnStable (1.2s)
ℹ [2736/2742] Built AuditRepairs.ExtremeValueBridge (4.4s)
info: AuditRepairs/ExtremeValueBridge.lean:262:0: 'AuditExtremes.measure_maxLeEvent' depends on axioms: [propext, Classical.choice, Quot.sound]
info: AuditRepairs/ExtremeValueBridge.lean:263:0: 'AuditExtremes.measure_maxLeEvent_of_forall_eq' depends on axioms: [propext, Classical.choice, Quot.sound]
info: AuditRepairs/ExtremeValueBridge.lean:264:0: 'AuditExtremes.measureReal_maxLeEvent_of_forall_eq' depends on axioms: [propext, Classical.choice, Quot.sound]
info: AuditRepairs/ExtremeValueBridge.lean:265:0: 'AuditExtremes.measureReal_maxLeEvent_frechet' depends on axioms: [propext, Classical.choice, Quot.sound]
info: AuditRepairs/ExtremeValueBridge.lean:266:0: 'AuditExtremes.measureReal_maxLeEvent_gumbel' depends on axioms: [propext, Classical.choice, Quot.sound]
info: AuditRepairs/ExtremeValueBridge.lean:267:0: 'AuditExtremes.measure_iInter_preimage' depends on axioms: [propext, Classical.choice, Quot.sound]
info: AuditRepairs/ExtremeValueBridge.lean:268:0: 'AuditExtremes.measure_minGtEvent_of_forall_eq' depends on axioms: [propext, Classical.choice, Quot.sound]
info: AuditRepairs/ExtremeValueBridge.lean:269:0: 'AuditExtremes.cdf_map_maxRV' depends on axioms: [propext, Classical.choice, Quot.sound]
info: AuditRepairs/ExtremeValueBridge.lean:270:0: 'AuditExtremes.measureReal_map_minRV_Ioi' depends on axioms: [propext, Classical.choice, Quot.sound]
info: AuditRepairs/ExtremeValueBridge.lean:271:0: 'AuditExtremes.measureReal_map_minRV_Ioi_eq_one_sub_cdf' depends on axioms: [propext, Classical.choice, Quot.sound]
ℹ [2737/2742] Built AuditRepairs.GaussianBridge (4.8s)
info: AuditRepairs/GaussianBridge.lean:110:0: 'AuditGaussian.charFun_gaussianReal_eq_stableS1Expr' depends on axioms: [propext, Classical.choice, Quot.sound]
info: AuditRepairs/GaussianBridge.lean:111:0: 'AuditGaussian.convolutionPower_gaussianReal_scale' depends on axioms: [propext, Classical.choice, Quot.sound]
info: AuditRepairs/GaussianBridge.lean:112:0: 'AuditGaussian.convolutionPower_gaussianReal' depends on axioms: [propext, Classical.choice, Quot.sound]
ℹ [2738/2742] Built AuditRepairs.ExtremeValueLaws (4.7s)
info: AuditRepairs/ExtremeValueLaws.lean:240:0: 'AuditEVTLaws.gumbelMeasure_isProbabilityMeasure' depends on axioms: [propext, Classical.choice, Quot.sound]
info: AuditRepairs/ExtremeValueLaws.lean:241:0: 'AuditEVTLaws.cdf_gumbelMeasure_apply' depends on axioms: [propext, Classical.choice, Quot.sound]
info: AuditRepairs/ExtremeValueLaws.lean:242:0: 'AuditEVTLaws.cdf_map_maxRV_gumbel' depends on axioms: [propext, Classical.choice, Quot.sound]
info: AuditRepairs/ExtremeValueLaws.lean:243:0: 'AuditEVTLaws.cdf_map_maxRV_pi_gumbel' depends on axioms: [propext, Classical.choice, Quot.sound]
info: AuditRepairs/ExtremeValueLaws.lean:244:0: 'AuditEVTLaws.frechetMeasure_isProbabilityMeasure' depends on axioms: [propext, Classical.choice, Quot.sound]
info: AuditRepairs/ExtremeValueLaws.lean:245:0: 'AuditEVTLaws.cdf_frechetMeasure_apply' depends on axioms: [propext, Classical.choice, Quot.sound]
info: AuditRepairs/ExtremeValueLaws.lean:246:0: 'AuditEVTLaws.cdf_map_maxRV_frechet' depends on axioms: [propext, Classical.choice, Quot.sound]
info: AuditRepairs/ExtremeValueLaws.lean:247:0: 'AuditEVTLaws.cdf_map_maxRV_pi_frechet' depends on axioms: [propext, Classical.choice, Quot.sound]
✔ [2739/2742] Built AuditRepairs (1.1s)
ℹ [2741/2742] Built AuditVerification (32s)
info: AuditVerification.lean:3:0: 'AuditExtremes.maxLeEvent_eq_iInter' depends on axioms: [propext, Classical.choice, Quot.sound]
info: AuditVerification.lean:4:0: 'AuditExtremes.minGtEvent_eq_iInter' depends on axioms: [propext, Classical.choice, Quot.sound]
info: AuditVerification.lean:5:0: 'AuditExtremes.minGeEvent_eq_iInter' depends on axioms: [propext, Classical.choice, Quot.sound]
info: AuditVerification.lean:6:0: 'AuditExtremes.maxLtEvent_eq_iInter' depends on axioms: [propext, Classical.choice, Quot.sound]
info: AuditVerification.lean:7:0: 'AuditExtremes.maxRV_preimage_Iic' depends on axioms: [propext, Classical.choice, Quot.sound]
info: AuditVerification.lean:8:0: 'AuditExtremes.minRV_preimage_Ioi' depends on axioms: [propext, Classical.choice, Quot.sound]
info: AuditVerification.lean:9:0: 'AuditExtremes.measure_maxLeEvent' depends on axioms: [propext, Classical.choice, Quot.sound]
info: AuditVerification.lean:10:0: 'AuditExtremes.measure_maxLeEvent_of_forall_eq' depends on axioms: [propext, Classical.choice, Quot.sound]
info: AuditVerification.lean:11:0: 'AuditExtremes.measureReal_maxLeEvent_of_forall_eq' depends on axioms: [propext, Classical.choice, Quot.sound]
info: AuditVerification.lean:12:0: 'AuditExtremes.measureReal_maxLeEvent_frechet' depends on axioms: [propext, Classical.choice, Quot.sound]
info: AuditVerification.lean:13:0: 'AuditExtremes.measureReal_maxLeEvent_gumbel' depends on axioms: [propext, Classical.choice, Quot.sound]
info: AuditVerification.lean:14:0: 'AuditExtremes.measure_iInter_preimage' depends on axioms: [propext, Classical.choice, Quot.sound]
info: AuditVerification.lean:15:0: 'AuditExtremes.measure_minGtEvent' depends on axioms: [propext, Classical.choice, Quot.sound]
info: AuditVerification.lean:16:0: 'AuditExtremes.measure_minGeEvent' depends on axioms: [propext, Classical.choice, Quot.sound]
info: AuditVerification.lean:17:0: 'AuditExtremes.measure_maxLtEvent' depends on axioms: [propext, Classical.choice, Quot.sound]
info: AuditVerification.lean:18:0: 'AuditExtremes.measure_minGtEvent_of_forall_eq' depends on axioms: [propext, Classical.choice, Quot.sound]
info: AuditVerification.lean:19:0: 'AuditExtremes.measureReal_minGtEvent_of_forall_eq' depends on axioms: [propext, Classical.choice, Quot.sound]
info: AuditVerification.lean:20:0: 'AuditExtremes.measure_preimage_of_map_eq' depends on axioms: [propext, Classical.choice, Quot.sound]
info: AuditVerification.lean:21:0: 'AuditExtremes.measure_maxLeEvent_of_map_eq' depends on axioms: [propext, Classical.choice, Quot.sound]
info: AuditVerification.lean:22:0: 'AuditExtremes.measure_minGtEvent_of_map_eq' depends on axioms: [propext, Classical.choice, Quot.sound]
info: AuditVerification.lean:23:0: 'AuditExtremes.measurable_maxRV' depends on axioms: [propext, Classical.choice, Quot.sound]
info: AuditVerification.lean:24:0: 'AuditExtremes.measurable_minRV' depends on axioms: [propext, Classical.choice, Quot.sound]
info: AuditVerification.lean:25:0: 'AuditExtremes.cdf_map_maxRV' depends on axioms: [propext, Classical.choice, Quot.sound]
info: AuditVerification.lean:26:0: 'AuditExtremes.measureReal_map_minRV_Ioi' depends on axioms: [propext, Classical.choice, Quot.sound]
info: AuditVerification.lean:27:0: 'AuditExtremes.measureReal_map_minRV_Ioi_eq_one_sub_cdf' depends on axioms: [propext, Classical.choice, Quot.sound]
info: AuditVerification.lean:28:0: 'AuditEVTLaws.gumbelCDF_monotone' depends on axioms: [propext, Classical.choice, Quot.sound]
info: AuditVerification.lean:29:0: 'AuditEVTLaws.continuous_gumbelCDF' depends on axioms: [propext, Classical.choice, Quot.sound]
info: AuditVerification.lean:30:0: 'AuditEVTLaws.gumbelCDF_tendsto_atBot' depends on axioms: [propext, Classical.choice, Quot.sound]
info: AuditVerification.lean:31:0: 'AuditEVTLaws.gumbelCDF_tendsto_atTop' depends on axioms: [propext, Classical.choice, Quot.sound]
info: AuditVerification.lean:32:0: 'AuditEVTLaws.gumbelMeasure_isProbabilityMeasure' depends on axioms: [propext, Classical.choice, Quot.sound]
info: AuditVerification.lean:33:0: 'AuditEVTLaws.cdf_gumbelMeasure' depends on axioms: [propext, Classical.choice, Quot.sound]
info: AuditVerification.lean:34:0: 'AuditEVTLaws.cdf_gumbelMeasure_apply' depends on axioms: [propext, Classical.choice, Quot.sound]
info: AuditVerification.lean:35:0: 'AuditEVTLaws.cdf_map_maxRV_gumbel' depends on axioms: [propext, Classical.choice, Quot.sound]
info: AuditVerification.lean:36:0: 'AuditEVTLaws.cdf_map_maxRV_pi_gumbel' depends on axioms: [propext, Classical.choice, Quot.sound]
info: AuditVerification.lean:37:0: 'AuditEVTLaws.frechetCDF_of_pos' depends on axioms: [propext, Classical.choice, Quot.sound]
info: AuditVerification.lean:38:0: 'AuditEVTLaws.frechetCDF_of_nonpos' depends on axioms: [propext, Classical.choice, Quot.sound]
info: AuditVerification.lean:39:0: 'AuditEVTLaws.frechetCDF_nonneg' depends on axioms: [propext, Classical.choice, Quot.sound]
info: AuditVerification.lean:40:0: 'AuditEVTLaws.neg_one_div_nonpos' depends on axioms: [propext, Classical.choice, Quot.sound]
info: AuditVerification.lean:41:0: 'AuditEVTLaws.frechetCDF_monotone' depends on axioms: [propext, Classical.choice, Quot.sound]
info: AuditVerification.lean:42:0: 'AuditEVTLaws.frechetCDF_continuousWithinAt_Ici' depends on axioms: [propext, Classical.choice, Quot.sound]
info: AuditVerification.lean:43:0: 'AuditEVTLaws.frechetCDF_tendsto_atBot' depends on axioms: [propext, Classical.choice, Quot.sound]
info: AuditVerification.lean:44:0: 'AuditEVTLaws.frechetCDF_tendsto_atTop' depends on axioms: [propext, Classical.choice, Quot.sound]
info: AuditVerification.lean:45:0: 'AuditEVTLaws.frechetMeasure_isProbabilityMeasure' depends on axioms: [propext, Classical.choice, Quot.sound]
info: AuditVerification.lean:46:0: 'AuditEVTLaws.cdf_frechetMeasure' depends on axioms: [propext, Classical.choice, Quot.sound]
info: AuditVerification.lean:47:0: 'AuditEVTLaws.cdf_frechetMeasure_apply' depends on axioms: [propext, Classical.choice, Quot.sound]
info: AuditVerification.lean:48:0: 'AuditEVTLaws.cdf_map_maxRV_frechet' depends on axioms: [propext, Classical.choice, Quot.sound]
info: AuditVerification.lean:49:0: 'AuditEVTLaws.cdf_map_maxRV_pi_frechet' depends on axioms: [propext, Classical.choice, Quot.sound]
info: AuditVerification.lean:50:0: 'AuditRV.regularlyVarying_zero_iff' depends on axioms: [propext, Classical.choice, Quot.sound]
info: AuditVerification.lean:51:0: 'AuditRV.regularlyVarying_power' depends on axioms: [propext, Classical.choice, Quot.sound]
info: AuditVerification.lean:52:0: 'AuditRV.IsRegularlyVarying.congr' depends on axioms: [propext, Classical.choice, Quot.sound]
info: AuditVerification.lean:53:0: 'AuditRV.IsRegularlyVarying.const_mul' depends on axioms: [propext, Classical.choice, Quot.sound]
info: AuditVerification.lean:54:0: 'AuditRV.IsSlowlyVarying.mul' depends on axioms: [propext, Classical.choice, Quot.sound]
info: AuditVerification.lean:55:0: 'AuditRV.IsSlowlyVarying.rpow' depends on axioms: [propext, Classical.choice, Quot.sound]
info: AuditVerification.lean:56:0: 'AuditTails.HasFiniteTailExponent.unique' depends on axioms: [propext, Classical.choice, Quot.sound]
info: AuditVerification.lean:57:0: 'AuditTails.HasFiniteTailExponent.liminf_eq' depends on axioms: [propext, Classical.choice, Quot.sound]
info: AuditVerification.lean:58:0: 'AuditTails.pareto_power_tail' depends on axioms: [propext, Classical.choice, Quot.sound]
info: AuditVerification.lean:59:0: 'AuditTails.two_power_tail' depends on axioms: [propext, Classical.choice, Quot.sound]
info: AuditVerification.lean:60:0: 'AuditTails.two_power_tail_min' depends on axioms: [propext, Classical.choice, Quot.sound]
info: AuditVerification.lean:61:0: 'AuditMoments.gamma_mixture_excess' depends on axioms: [propext, Classical.choice, Quot.sound]
info: AuditVerification.lean:62:0: 'AuditMoments.gamma_mixture_excess_pos' depends on axioms: [propext, Classical.choice, Quot.sound]
info: AuditVerification.lean:63:0: 'AuditGaussian.coe_varianceOfScale' depends on axioms: [propext, Classical.choice, Quot.sound]
info: AuditVerification.lean:64:0: 'AuditGaussian.charFun_gaussianReal_eq_stableS1Expr' depends on axioms: [propext, Classical.choice, Quot.sound]
info: AuditVerification.lean:65:0: 'AuditGaussian.convolutionPower_gaussianReal_scale' depends on axioms: [propext, Classical.choice, Quot.sound]
info: AuditVerification.lean:66:0: 'AuditGaussian.convolutionPower_gaussianReal' depends on axioms: [propext, Classical.choice, Quot.sound]
info: AuditVerification.lean:67:0: 'Proof09Probe.signature_probe' depends on axioms: [propext, Classical.choice, Quot.sound]
info: AuditVerification.lean:68:0: 'Proof09Probe.pair_not_convex' depends on axioms: [propext, Classical.choice, Quot.sound]
info: AuditVerification.lean:69:0: 'Proof09Probe.submitted_statement_counterexample' depends on axioms: [propext, Classical.choice, Quot.sound]
info: AuditVerification.lean:70:0: 'AuditProbability.IsSubexponential.finiteTailExponent' depends on axioms: [propext, Classical.choice, Quot.sound]
info: AuditVerification.lean:71:0: 'AuditProbability.convolutionPower_probability' depends on axioms: [propext, Classical.choice, Quot.sound]
info: AuditVerification.lean:72:0: 'AuditProbability.charFun_convolutionPower' depends on axioms: [propext, Classical.choice, Quot.sound]
info: AuditVerification.lean:73:0: 'AuditProbability.stableS1_convolutionPower_eq' depends on axioms: [propext, Classical.choice, Quot.sound]
info: AuditVerification.lean:74:0: 'AuditProbability.law_independent_sum' depends on axioms: [propext, Classical.choice, Quot.sound]
info: AuditVerification.lean:75:0: 'AuditRV.isSlowlyVarying_log' depends on axioms: [propext, Classical.choice, Quot.sound]
info: AuditVerification.lean:76:0: 'AuditRV.isSlowlyVarying_const' depends on axioms: [propext, Classical.choice, Quot.sound]
info: AuditVerification.lean:77:0: 'AuditRV.isSlowlyVarying_neg_one' depends on axioms: [propext, Classical.choice, Quot.sound]
info: AuditVerification.lean:78:0: 'AuditRV.IsSlowlyVarying.of_tendsto_const' depends on axioms: [propext, Classical.choice, Quot.sound]
info: AuditVerification.lean:79:0: 'AuditRV.IsRegularlyVarying.mul' depends on axioms: [propext, Classical.choice, Quot.sound]
info: AuditVerification.lean:80:0: 'AuditRV.IsRegularlyVarying.rpow' depends on axioms: [propext, Classical.choice, Quot.sound]
info: AuditVerification.lean:81:0: 'AuditRV.isRegularlyVarying_iff_slowlyVarying' depends on axioms: [propext, Classical.choice, Quot.sound]
info: AuditVerification.lean:82:0: 'StableAudit.gaussian_specialization' depends on axioms: [propext, Classical.choice, Quot.sound]
info: AuditVerification.lean:83:0: 'StableAudit.gaussian_specialization_general' depends on axioms: [propext, Classical.choice, Quot.sound]
info: AuditVerification.lean:84:0: 'StableAudit.submitted_gaussian_counterexample' depends on axioms: [propext, Classical.choice, Quot.sound]
info: AuditVerification.lean:85:0: 'StableAudit.gaussian_stable_real' depends on axioms: [propext, Classical.choice, Quot.sound]
info: AuditVerification.lean:86:0: 'StableAudit.gaussian_stable_real_short' depends on axioms: [propext, Classical.choice, Quot.sound]
info: AuditVerification.lean:87:0: 'StableAudit.cauchy_specialization' depends on axioms: [propext, Classical.choice, Quot.sound]
info: AuditVerification.lean:88:0: 'StableAudit.submitted_cauchy_counterexample' depends on axioms: [propext, Classical.choice, Quot.sound]
info: AuditVerification.lean:89:0: 'StableAudit.cauchy_stable' depends on axioms: [propext, Classical.choice, Quot.sound]
info: AuditVerification.lean:90:0: 'StableAudit.cauchy_stable_short' depends on axioms: [propext, Classical.choice, Quot.sound]
info: AuditVerification.lean:91:0: 'StableAudit.stableExpr_power' depends on axioms: [propext, Classical.choice, Quot.sound]
info: AuditVerification.lean:92:0: 'StableAudit.submitted_alpha_one_ignores_skew' depends on axioms: [propext, Classical.choice, Quot.sound]
info: AuditVerification.lean:93:0: 'StableAudit.stableS1Expr_power' depends on axioms: [propext, Classical.choice, Quot.sound]
info: AuditVerification.lean:94:0: 'StableAudit.stableS1Expr_gaussian' depends on axioms: [propext, Classical.choice, Quot.sound]
info: AuditVerification.lean:95:0: 'StableAudit.stableS1Expr_cauchy' depends on axioms: [propext, Classical.choice, Quot.sound]
info: AuditVerification.lean:96:0: 'StableAudit.stableS1Expr_at_zero' depends on axioms: [propext, Classical.choice, Quot.sound]
info: AuditVerification.lean:97:0: 'AuditTails.pareto_log_ratio_tendsto' depends on axioms: [propext, Classical.choice, Quot.sound]
info: AuditVerification.lean:98:0: 'AuditTails.pareto_hasFiniteTailExponent' depends on axioms: [propext, Classical.choice, Quot.sound]
info: AuditVerification.lean:99:0: 'AuditTails.tailExponentReal_pareto' depends on axioms: [propext, Classical.choice, Quot.sound]
info: AuditVerification.lean:100:0: 'AuditTails.tailExponentReal_zero' depends on axioms: [propext, Classical.choice, Quot.sound]
info: AuditVerification.lean:101:0: 'AuditTails.real_liminf_of_tendsto_atTop' depends on axioms: [propext, Classical.choice, Quot.sound]
info: AuditVerification.lean:102:0: 'AuditTails.tail_log_ratio_of_ratio_tendsto' depends on axioms: [propext, Classical.choice, Quot.sound]
info: AuditVerification.lean:103:0: 'AuditTails.subexponential_ratio_tailExponent' depends on axioms: [propext, Classical.choice, Quot.sound]
info: AuditVerification.lean:104:0: 'AuditTails.convexOn_rpow_neg_right' depends on axioms: [propext, Classical.choice, Quot.sound]
info: AuditVerification.lean:105:0: 'AuditTails.frechetFormula_zero' depends on axioms: [propext, Classical.choice, Quot.sound]
info: AuditVerification.lean:106:0: 'AuditTails.frechet_formula_maxstable' depends on axioms: [propext, Classical.choice, Quot.sound]
info: AuditVerification.lean:107:0: 'AuditTails.frechet_cdf_maxstable' depends on axioms: [propext, Classical.choice, Quot.sound]
info: AuditVerification.lean:108:0: 'AuditTails.gumbel_maxstable' depends on axioms: [propext, Classical.choice, Quot.sound]
info: AuditVerification.lean:109:0: 'Taleb.Proof01.repaired' depends on axioms: [propext, Classical.choice, Quot.sound]
info: AuditVerification.lean:110:0: 'Taleb.Proof02.repaired' depends on axioms: [propext, Classical.choice, Quot.sound]
info: AuditVerification.lean:111:0: 'Taleb.Proof03.repaired' depends on axioms: [propext, Classical.choice, Quot.sound]
info: AuditVerification.lean:112:0: 'Taleb.Proof04.repaired' depends on axioms: [propext, Classical.choice, Quot.sound]
info: AuditVerification.lean:113:0: 'Taleb.Proof05.repaired' depends on axioms: [propext, Classical.choice, Quot.sound]
info: AuditVerification.lean:114:0: 'Taleb.Proof06.repaired' depends on axioms: [propext, Classical.choice, Quot.sound]
info: AuditVerification.lean:115:0: 'Taleb.Proof07.repaired' depends on axioms: [propext, Classical.choice, Quot.sound]
info: AuditVerification.lean:116:0: 'Taleb.Proof08.repaired' depends on axioms: [propext, Classical.choice, Quot.sound]
info: AuditVerification.lean:117:0: 'Taleb.Proof09.repaired' depends on axioms: [propext, Classical.choice, Quot.sound]
info: AuditVerification.lean:118:0: 'Taleb.Proof10.repaired' depends on axioms: [propext, Classical.choice, Quot.sound]
info: AuditVerification.lean:119:0: 'Taleb.Proof11.repaired' depends on axioms: [propext, Classical.choice, Quot.sound]
info: AuditVerification.lean:120:0: 'Taleb.Proof12.repaired' depends on axioms: [propext, Classical.choice, Quot.sound]
info: AuditVerification.lean:121:0: 'Taleb.Proof13.repaired' depends on axioms: [propext, Classical.choice, Quot.sound]
info: AuditVerification.lean:122:0: 'Taleb.Proof14.repaired' depends on axioms: [propext, Classical.choice, Quot.sound]
info: AuditVerification.lean:123:0: 'Taleb.Proof15.repaired' depends on axioms: [propext, Classical.choice, Quot.sound]
info: AuditVerification.lean:124:0: 'Taleb.Proof16.repaired' depends on axioms: [propext, Classical.choice, Quot.sound]
Build completed successfully (2742 jobs).
# end: 2026-09-19T18:01:47Z
# elapsed_seconds: 48
# exit_code: 0
