ℹ [2714/2743] Built AuditRepairs.ImplicitSetDiagnostic (1.5s)
info: AuditRepairs/ImplicitSetDiagnostic.lean:23:0: @signature_probe : ∀ {univ : Set ℝ} {c : ℝ},
  0 < c → (ConvexOn ℝ univ fun α => c ^ (-α)) → ConvexOn ℝ univ fun α => c ^ (-α)
info: AuditRepairs/ImplicitSetDiagnostic.lean:24:0: theorem Proof09Probe.signature_probe : ∀ {univ : Set ℝ} {c : ℝ},
  0 < c → (ConvexOn ℝ univ fun α => c ^ (-α)) → ConvexOn ℝ univ fun α => c ^ (-α) :=
fun {univ} {c} _hc h => h
info: AuditRepairs/ImplicitSetDiagnostic.lean:30:0: @statement : {univ : Set ℝ} → {c : ℝ} → 0 < c → Prop
info: AuditRepairs/ImplicitSetDiagnostic.lean:31:0: def Proof09Probe.statement : {univ : Set ℝ} → {c : ℝ} → 0 < c → Prop :=
fun {univ} {c} _hc => ConvexOn ℝ univ fun α => c ^ (-α)
info: AuditRepairs/ImplicitSetDiagnostic.lean:49:0: 'Proof09Probe.submitted_statement_counterexample' depends on axioms: [propext, Classical.choice, Quot.sound]
ℹ [2715/2743] Built AuditRepairs.RegularVariation (2.6s)
info: AuditRepairs/RegularVariation.lean:125:0: 'AuditRV.isSlowlyVarying_log' depends on axioms: [propext, Classical.choice, Quot.sound]
info: AuditRepairs/RegularVariation.lean:126:0: 'AuditRV.isSlowlyVarying_const' depends on axioms: [propext, Classical.choice, Quot.sound]
info: AuditRepairs/RegularVariation.lean:127:0: 'AuditRV.isSlowlyVarying_neg_one' depends on axioms: [propext, Classical.choice, Quot.sound]
info: AuditRepairs/RegularVariation.lean:128:0: 'AuditRV.IsSlowlyVarying.of_tendsto_const' depends on axioms: [propext, Classical.choice, Quot.sound]
info: AuditRepairs/RegularVariation.lean:129:0: 'AuditRV.IsRegularlyVarying.mul' depends on axioms: [propext, Classical.choice, Quot.sound]
info: AuditRepairs/RegularVariation.lean:130:0: 'AuditRV.IsRegularlyVarying.rpow' depends on axioms: [propext, Classical.choice, Quot.sound]
info: AuditRepairs/RegularVariation.lean:131:0: 'AuditRV.isRegularlyVarying_iff_slowlyVarying' depends on axioms: [propext, Classical.choice, Quot.sound]
✔ [2716/2743] Built Proofs.Proof01_SlowlyVaryingLog (1.2s)
✔ [2717/2743] Built Proofs.Proof02_SlowlyVaryingConst (1.2s)
✔ [2718/2743] Built Proofs.Proof03_SlowlyVaryingOfTendsto (1.2s)
✔ [2719/2743] Built Proofs.Proof05_RegularlyVaryingRpow (1.2s)
✔ [2720/2743] Built Proofs.Proof06_RVIffSlowlyVarying (1.2s)
✔ [2721/2743] Built Proofs.Proof04_RegularlyVaryingMul (1.2s)
ℹ [2722/2743] Built AuditRepairs.Tails (4.1s)
info: AuditRepairs/Tails.lean:188:0: 'AuditTails.pareto_log_ratio_tendsto' depends on axioms: [propext, Classical.choice, Quot.sound]
info: AuditRepairs/Tails.lean:189:0: 'AuditTails.pareto_hasFiniteTailExponent' depends on axioms: [propext, Classical.choice, Quot.sound]
info: AuditRepairs/Tails.lean:190:0: 'AuditTails.tailExponentReal_pareto' depends on axioms: [propext, Classical.choice, Quot.sound]
info: AuditRepairs/Tails.lean:191:0: 'AuditTails.tailExponentReal_zero' depends on axioms: [propext, Classical.choice, Quot.sound]
info: AuditRepairs/Tails.lean:192:0: 'AuditTails.real_liminf_of_tendsto_atTop' depends on axioms: [propext, Classical.choice, Quot.sound]
info: AuditRepairs/Tails.lean:193:0: 'AuditTails.tail_log_ratio_of_ratio_tendsto' depends on axioms: [propext, Classical.choice, Quot.sound]
info: AuditRepairs/Tails.lean:194:0: 'AuditTails.subexponential_ratio_tailExponent' depends on axioms: [propext, Classical.choice, Quot.sound]
info: AuditRepairs/Tails.lean:195:0: 'AuditTails.convexOn_rpow_neg_right' depends on axioms: [propext, Classical.choice, Quot.sound]
info: AuditRepairs/Tails.lean:196:0: 'AuditTails.frechetFormula_zero' depends on axioms: [propext, Classical.choice, Quot.sound]
info: AuditRepairs/Tails.lean:197:0: 'AuditTails.frechet_formula_maxstable' depends on axioms: [propext, Classical.choice, Quot.sound]
info: AuditRepairs/Tails.lean:198:0: 'AuditTails.frechet_cdf_maxstable' depends on axioms: [propext, Classical.choice, Quot.sound]
info: AuditRepairs/Tails.lean:199:0: 'AuditTails.gumbel_maxstable' depends on axioms: [propext, Classical.choice, Quot.sound]
ℹ [2723/2743] Built AuditRepairs.Stable (4.4s)
info: AuditRepairs/Stable.lean:203:0: 'StableAudit.gaussian_specialization' depends on axioms: [propext, Classical.choice, Quot.sound]
info: AuditRepairs/Stable.lean:204:0: 'StableAudit.gaussian_specialization_general' depends on axioms: [propext, Classical.choice, Quot.sound]
info: AuditRepairs/Stable.lean:205:0: 'StableAudit.submitted_gaussian_counterexample' depends on axioms: [propext, Classical.choice, Quot.sound]
info: AuditRepairs/Stable.lean:206:0: 'StableAudit.gaussian_stable_real' depends on axioms: [propext, Classical.choice, Quot.sound]
info: AuditRepairs/Stable.lean:207:0: 'StableAudit.gaussian_stable_real_short' depends on axioms: [propext, Classical.choice, Quot.sound]
info: AuditRepairs/Stable.lean:208:0: 'StableAudit.cauchy_specialization' depends on axioms: [propext, Classical.choice, Quot.sound]
info: AuditRepairs/Stable.lean:209:0: 'StableAudit.submitted_cauchy_counterexample' depends on axioms: [propext, Classical.choice, Quot.sound]
info: AuditRepairs/Stable.lean:210:0: 'StableAudit.cauchy_stable' depends on axioms: [propext, Classical.choice, Quot.sound]
info: AuditRepairs/Stable.lean:211:0: 'StableAudit.cauchy_stable_short' depends on axioms: [propext, Classical.choice, Quot.sound]
info: AuditRepairs/Stable.lean:212:0: 'StableAudit.stableExpr_power' depends on axioms: [propext, Classical.choice, Quot.sound]
info: AuditRepairs/Stable.lean:213:0: 'StableAudit.submitted_alpha_one_ignores_skew' depends on axioms: [propext, Classical.choice, Quot.sound]
info: AuditRepairs/Stable.lean:214:0: 'StableAudit.stableS1Expr_power' depends on axioms: [propext, Classical.choice, Quot.sound]
✔ [2724/2743] Built Proofs.Proof09_ConvexOnRpowNeg (1.1s)
✔ [2725/2743] Built Proofs.Proof07_TailExponentPareto (1.3s)
✔ [2726/2743] Built Proofs.Proof10_FrechetMaxstable (1.2s)
✔ [2727/2743] Built Proofs.Proof11_GumbelMaxstable (1.2s)
✔ [2728/2743] Built Proofs.Proof14_StableCharFnCauchy (1.1s)
✔ [2729/2743] Built Proofs.Proof15_CauchyStable (1.1s)
✔ [2730/2743] Built AuditRepairs.Foundations (1.5s)
✔ [2731/2743] Built Proofs.Proof13_GaussianStable (1.2s)
✔ [2732/2743] Built Proofs.Proof12_StableCharFnGaussian (1.3s)
✔ [2733/2743] Built AuditRepairs.ProbabilityBridge (1.5s)
✔ [2734/2743] Built Proofs.Proof08_SubexponentialTailExponent (1.3s)
✔ [2735/2743] Built Proofs.Proof16_StableCharFnStable (1.3s)
ℹ [2736/2743] Built AuditRepairs.ExtremeValueBridge (4.5s)
info: AuditRepairs/ExtremeValueBridge.lean:263:0: 'AuditExtremes.measure_maxLeEvent' depends on axioms: [propext, Classical.choice, Quot.sound]
info: AuditRepairs/ExtremeValueBridge.lean:264:0: 'AuditExtremes.measure_maxLeEvent_of_forall_eq' depends on axioms: [propext, Classical.choice, Quot.sound]
info: AuditRepairs/ExtremeValueBridge.lean:265:0: 'AuditExtremes.measureReal_maxLeEvent_of_forall_eq' depends on axioms: [propext, Classical.choice, Quot.sound]
info: AuditRepairs/ExtremeValueBridge.lean:266:0: 'AuditExtremes.measureReal_maxLeEvent_frechet' depends on axioms: [propext, Classical.choice, Quot.sound]
info: AuditRepairs/ExtremeValueBridge.lean:267:0: 'AuditExtremes.measureReal_maxLeEvent_gumbel' depends on axioms: [propext, Classical.choice, Quot.sound]
info: AuditRepairs/ExtremeValueBridge.lean:268:0: 'AuditExtremes.measure_iInter_preimage' depends on axioms: [propext, Classical.choice, Quot.sound]
info: AuditRepairs/ExtremeValueBridge.lean:269:0: 'AuditExtremes.measure_minGtEvent_of_forall_eq' depends on axioms: [propext, Classical.choice, Quot.sound]
info: AuditRepairs/ExtremeValueBridge.lean:270:0: 'AuditExtremes.cdf_map_maxRV' depends on axioms: [propext, Classical.choice, Quot.sound]
info: AuditRepairs/ExtremeValueBridge.lean:271:0: 'AuditExtremes.measureReal_map_minRV_Ioi' depends on axioms: [propext, Classical.choice, Quot.sound]
info: AuditRepairs/ExtremeValueBridge.lean:272:0: 'AuditExtremes.measureReal_map_minRV_Ioi_eq_one_sub_cdf' depends on axioms: [propext, Classical.choice, Quot.sound]
ℹ [2737/2743] Built AuditRepairs.GaussianBridge (4.9s)
info: AuditRepairs/GaussianBridge.lean:110:0: 'AuditGaussian.charFun_gaussianReal_eq_stableS1Expr' depends on axioms: [propext, Classical.choice, Quot.sound]
info: AuditRepairs/GaussianBridge.lean:111:0: 'AuditGaussian.convolutionPower_gaussianReal_scale' depends on axioms: [propext, Classical.choice, Quot.sound]
info: AuditRepairs/GaussianBridge.lean:112:0: 'AuditGaussian.convolutionPower_gaussianReal' depends on axioms: [propext, Classical.choice, Quot.sound]
ℹ [2738/2743] Built AuditRepairs.ExtremeValueLaws (6.0s)
info: AuditRepairs/ExtremeValueLaws.lean:379:0: 'AuditEVTLaws.gumbelMeasure_isProbabilityMeasure' depends on axioms: [propext, Classical.choice, Quot.sound]
info: AuditRepairs/ExtremeValueLaws.lean:380:0: 'AuditEVTLaws.cdf_gumbelMeasure_apply' depends on axioms: [propext, Classical.choice, Quot.sound]
info: AuditRepairs/ExtremeValueLaws.lean:381:0: 'AuditEVTLaws.cdf_map_maxRV_gumbel' depends on axioms: [propext, Classical.choice, Quot.sound]
info: AuditRepairs/ExtremeValueLaws.lean:382:0: 'AuditEVTLaws.cdf_map_maxRV_pi_gumbel' depends on axioms: [propext, Classical.choice, Quot.sound]
info: AuditRepairs/ExtremeValueLaws.lean:383:0: 'AuditEVTLaws.frechetMeasure_isProbabilityMeasure' depends on axioms: [propext, Classical.choice, Quot.sound]
info: AuditRepairs/ExtremeValueLaws.lean:384:0: 'AuditEVTLaws.cdf_frechetMeasure_apply' depends on axioms: [propext, Classical.choice, Quot.sound]
info: AuditRepairs/ExtremeValueLaws.lean:385:0: 'AuditEVTLaws.cdf_map_maxRV_frechet' depends on axioms: [propext, Classical.choice, Quot.sound]
info: AuditRepairs/ExtremeValueLaws.lean:386:0: 'AuditEVTLaws.cdf_map_maxRV_pi_frechet' depends on axioms: [propext, Classical.choice, Quot.sound]
info: AuditRepairs/ExtremeValueLaws.lean:387:0: 'AuditEVTLaws.reverseWeibullMeasure_isProbabilityMeasure' depends on axioms: [propext, Classical.choice, Quot.sound]
info: AuditRepairs/ExtremeValueLaws.lean:388:0: 'AuditEVTLaws.cdf_reverseWeibullMeasure_apply' depends on axioms: [propext, Classical.choice, Quot.sound]
info: AuditRepairs/ExtremeValueLaws.lean:389:0: 'AuditEVTLaws.reverseWeibullCDF_maxstable' depends on axioms: [propext, Classical.choice, Quot.sound]
info: AuditRepairs/ExtremeValueLaws.lean:390:0: 'AuditEVTLaws.cdf_map_maxRV_reverseWeibull' depends on axioms: [propext, Classical.choice, Quot.sound]
info: AuditRepairs/ExtremeValueLaws.lean:391:0: 'AuditEVTLaws.cdf_map_maxRV_pi_reverseWeibull' depends on axioms: [propext, Classical.choice, Quot.sound]
ℹ [2739/2743] Built AuditRepairs.ExtremeValueAffine (4.8s)
info: AuditRepairs/ExtremeValueAffine.lean:161:0: 'AuditEVTLaws.cdf_affineLaw' depends on axioms: [propext, Classical.choice, Quot.sound]
info: AuditRepairs/ExtremeValueAffine.lean:162:0: 'AuditEVTLaws.cdf_gumbelLaw' depends on axioms: [propext, Classical.choice, Quot.sound]
info: AuditRepairs/ExtremeValueAffine.lean:163:0: 'AuditEVTLaws.cdf_frechetLaw' depends on axioms: [propext, Classical.choice, Quot.sound]
info: AuditRepairs/ExtremeValueAffine.lean:164:0: 'AuditEVTLaws.cdf_reverseWeibullLaw' depends on axioms: [propext, Classical.choice, Quot.sound]
info: AuditRepairs/ExtremeValueAffine.lean:165:0: 'AuditEVTLaws.map_maxRV_gumbelLaw' depends on axioms: [propext, Classical.choice, Quot.sound]
info: AuditRepairs/ExtremeValueAffine.lean:166:0: 'AuditEVTLaws.map_maxRV_frechetLaw' depends on axioms: [propext, Classical.choice, Quot.sound]
info: AuditRepairs/ExtremeValueAffine.lean:167:0: 'AuditEVTLaws.map_maxRV_reverseWeibullLaw' depends on axioms: [propext, Classical.choice, Quot.sound]
✔ [2740/2743] Built AuditRepairs (1.2s)
ℹ [2742/2743] Built AuditVerification (42s)
info: AuditVerification.lean:3:0: 'AuditEVTLaws.measurable_affine' depends on axioms: [propext, Classical.choice, Quot.sound]
info: AuditVerification.lean:4:0: 'AuditEVTLaws.affineLaw_isProbabilityMeasure' depends on axioms: [propext, Classical.choice, Quot.sound]
info: AuditVerification.lean:5:0: 'AuditEVTLaws.affineLaw_zero_one' depends on axioms: [propext, Classical.choice, Quot.sound]
info: AuditVerification.lean:6:0: 'AuditEVTLaws.affine_preimage_Iic' depends on axioms: [propext, Classical.choice, Quot.sound]
info: AuditVerification.lean:7:0: 'AuditEVTLaws.cdf_affineLaw' depends on axioms: [propext, Classical.choice, Quot.sound]
info: AuditVerification.lean:8:0: 'AuditEVTLaws.gumbelLaw_isProbabilityMeasure' depends on axioms: [propext, Classical.choice, Quot.sound]
info: AuditVerification.lean:9:0: 'AuditEVTLaws.frechetLaw_isProbabilityMeasure' depends on axioms: [propext, Classical.choice, Quot.sound]
info: AuditVerification.lean:10:0: 'AuditEVTLaws.reverseWeibullLaw_isProbabilityMeasure' depends on axioms: [propext, Classical.choice, Quot.sound]
info: AuditVerification.lean:11:0: 'AuditEVTLaws.cdf_gumbelLaw' depends on axioms: [propext, Classical.choice, Quot.sound]
info: AuditVerification.lean:12:0: 'AuditEVTLaws.cdf_frechetLaw' depends on axioms: [propext, Classical.choice, Quot.sound]
info: AuditVerification.lean:13:0: 'AuditEVTLaws.cdf_reverseWeibullLaw' depends on axioms: [propext, Classical.choice, Quot.sound]
info: AuditVerification.lean:14:0: 'AuditEVTLaws.map_maxRV_gumbelLaw' depends on axioms: [propext, Classical.choice, Quot.sound]
info: AuditVerification.lean:15:0: 'AuditEVTLaws.map_maxRV_frechetLaw' depends on axioms: [propext, Classical.choice, Quot.sound]
info: AuditVerification.lean:16:0: 'AuditEVTLaws.map_maxRV_reverseWeibullLaw' depends on axioms: [propext, Classical.choice, Quot.sound]
info: AuditVerification.lean:17:0: 'AuditExtremes.maxLeEvent_eq_iInter' depends on axioms: [propext, Classical.choice, Quot.sound]
info: AuditVerification.lean:18:0: 'AuditExtremes.minGtEvent_eq_iInter' depends on axioms: [propext, Classical.choice, Quot.sound]
info: AuditVerification.lean:19:0: 'AuditExtremes.minGeEvent_eq_iInter' depends on axioms: [propext, Classical.choice, Quot.sound]
info: AuditVerification.lean:20:0: 'AuditExtremes.maxLtEvent_eq_iInter' depends on axioms: [propext, Classical.choice, Quot.sound]
info: AuditVerification.lean:21:0: 'AuditExtremes.maxRV_preimage_Iic' depends on axioms: [propext, Classical.choice, Quot.sound]
info: AuditVerification.lean:22:0: 'AuditExtremes.minRV_preimage_Ioi' depends on axioms: [propext, Classical.choice, Quot.sound]
info: AuditVerification.lean:23:0: 'AuditExtremes.measure_maxLeEvent' depends on axioms: [propext, Classical.choice, Quot.sound]
info: AuditVerification.lean:24:0: 'AuditExtremes.measure_maxLeEvent_of_forall_eq' depends on axioms: [propext, Classical.choice, Quot.sound]
info: AuditVerification.lean:25:0: 'AuditExtremes.measureReal_maxLeEvent_of_forall_eq' depends on axioms: [propext, Classical.choice, Quot.sound]
info: AuditVerification.lean:26:0: 'AuditExtremes.measureReal_maxLeEvent_frechet' depends on axioms: [propext, Classical.choice, Quot.sound]
info: AuditVerification.lean:27:0: 'AuditExtremes.measureReal_maxLeEvent_gumbel' depends on axioms: [propext, Classical.choice, Quot.sound]
info: AuditVerification.lean:28:0: 'AuditExtremes.measure_iInter_preimage' depends on axioms: [propext, Classical.choice, Quot.sound]
info: AuditVerification.lean:29:0: 'AuditExtremes.measure_minGtEvent' depends on axioms: [propext, Classical.choice, Quot.sound]
info: AuditVerification.lean:30:0: 'AuditExtremes.measure_minGeEvent' depends on axioms: [propext, Classical.choice, Quot.sound]
info: AuditVerification.lean:31:0: 'AuditExtremes.measure_maxLtEvent' depends on axioms: [propext, Classical.choice, Quot.sound]
info: AuditVerification.lean:32:0: 'AuditExtremes.measure_minGtEvent_of_forall_eq' depends on axioms: [propext, Classical.choice, Quot.sound]
info: AuditVerification.lean:33:0: 'AuditExtremes.measureReal_minGtEvent_of_forall_eq' depends on axioms: [propext, Classical.choice, Quot.sound]
info: AuditVerification.lean:34:0: 'AuditExtremes.measure_preimage_of_map_eq' depends on axioms: [propext, Classical.choice, Quot.sound]
info: AuditVerification.lean:35:0: 'AuditExtremes.measure_maxLeEvent_of_map_eq' depends on axioms: [propext, Classical.choice, Quot.sound]
info: AuditVerification.lean:36:0: 'AuditExtremes.measure_minGtEvent_of_map_eq' depends on axioms: [propext, Classical.choice, Quot.sound]
info: AuditVerification.lean:37:0: 'AuditExtremes.measurable_maxRV' depends on axioms: [propext, Classical.choice, Quot.sound]
info: AuditVerification.lean:38:0: 'AuditExtremes.measurable_minRV' depends on axioms: [propext, Classical.choice, Quot.sound]
info: AuditVerification.lean:39:0: 'AuditExtremes.cdf_map_maxRV' depends on axioms: [propext, Classical.choice, Quot.sound]
info: AuditVerification.lean:40:0: 'AuditExtremes.measureReal_map_minRV_Ioi' depends on axioms: [propext, Classical.choice, Quot.sound]
info: AuditVerification.lean:41:0: 'AuditExtremes.measureReal_map_minRV_Ioi_eq_one_sub_cdf' depends on axioms: [propext, Classical.choice, Quot.sound]
info: AuditVerification.lean:42:0: 'AuditEVTLaws.gumbelCDF_monotone' depends on axioms: [propext, Classical.choice, Quot.sound]
info: AuditVerification.lean:43:0: 'AuditEVTLaws.continuous_gumbelCDF' depends on axioms: [propext, Classical.choice, Quot.sound]
info: AuditVerification.lean:44:0: 'AuditEVTLaws.gumbelCDF_tendsto_atBot' depends on axioms: [propext, Classical.choice, Quot.sound]
info: AuditVerification.lean:45:0: 'AuditEVTLaws.gumbelCDF_tendsto_atTop' depends on axioms: [propext, Classical.choice, Quot.sound]
info: AuditVerification.lean:46:0: 'AuditEVTLaws.gumbelMeasure_isProbabilityMeasure' depends on axioms: [propext, Classical.choice, Quot.sound]
info: AuditVerification.lean:47:0: 'AuditEVTLaws.cdf_gumbelMeasure' depends on axioms: [propext, Classical.choice, Quot.sound]
info: AuditVerification.lean:48:0: 'AuditEVTLaws.cdf_gumbelMeasure_apply' depends on axioms: [propext, Classical.choice, Quot.sound]
info: AuditVerification.lean:49:0: 'AuditEVTLaws.cdf_map_maxRV_gumbel' depends on axioms: [propext, Classical.choice, Quot.sound]
info: AuditVerification.lean:50:0: 'AuditEVTLaws.cdf_map_maxRV_pi_gumbel' depends on axioms: [propext, Classical.choice, Quot.sound]
info: AuditVerification.lean:51:0: 'AuditEVTLaws.frechetCDF_of_pos' depends on axioms: [propext, Classical.choice, Quot.sound]
info: AuditVerification.lean:52:0: 'AuditEVTLaws.frechetCDF_of_nonpos' depends on axioms: [propext, Classical.choice, Quot.sound]
info: AuditVerification.lean:53:0: 'AuditEVTLaws.frechetCDF_nonneg' depends on axioms: [propext, Classical.choice, Quot.sound]
info: AuditVerification.lean:54:0: 'AuditEVTLaws.neg_one_div_nonpos' depends on axioms: [propext, Classical.choice, Quot.sound]
info: AuditVerification.lean:55:0: 'AuditEVTLaws.frechetCDF_monotone' depends on axioms: [propext, Classical.choice, Quot.sound]
info: AuditVerification.lean:56:0: 'AuditEVTLaws.frechetCDF_continuousWithinAt_Ici' depends on axioms: [propext, Classical.choice, Quot.sound]
info: AuditVerification.lean:57:0: 'AuditEVTLaws.frechetCDF_tendsto_atBot' depends on axioms: [propext, Classical.choice, Quot.sound]
info: AuditVerification.lean:58:0: 'AuditEVTLaws.frechetCDF_tendsto_atTop' depends on axioms: [propext, Classical.choice, Quot.sound]
info: AuditVerification.lean:59:0: 'AuditEVTLaws.frechetMeasure_isProbabilityMeasure' depends on axioms: [propext, Classical.choice, Quot.sound]
info: AuditVerification.lean:60:0: 'AuditEVTLaws.cdf_frechetMeasure' depends on axioms: [propext, Classical.choice, Quot.sound]
info: AuditVerification.lean:61:0: 'AuditEVTLaws.cdf_frechetMeasure_apply' depends on axioms: [propext, Classical.choice, Quot.sound]
info: AuditVerification.lean:62:0: 'AuditEVTLaws.cdf_map_maxRV_frechet' depends on axioms: [propext, Classical.choice, Quot.sound]
info: AuditVerification.lean:63:0: 'AuditEVTLaws.cdf_map_maxRV_pi_frechet' depends on axioms: [propext, Classical.choice, Quot.sound]
info: AuditVerification.lean:64:0: 'AuditEVTLaws.reverseWeibullCDF_of_neg' depends on axioms: [propext, Classical.choice, Quot.sound]
info: AuditVerification.lean:65:0: 'AuditEVTLaws.reverseWeibullCDF_of_nonneg' depends on axioms: [propext, Classical.choice, Quot.sound]
info: AuditVerification.lean:66:0: 'AuditEVTLaws.reverseWeibullCDF_le_one' depends on axioms: [propext, Classical.choice, Quot.sound]
info: AuditVerification.lean:67:0: 'AuditEVTLaws.reverseWeibullCDF_monotone' depends on axioms: [propext, Classical.choice, Quot.sound]
info: AuditVerification.lean:68:0: 'AuditEVTLaws.reverseWeibullCDF_continuousWithinAt_Ici' depends on axioms: [propext, Classical.choice, Quot.sound]
info: AuditVerification.lean:69:0: 'AuditEVTLaws.reverseWeibullCDF_tendsto_atTop' depends on axioms: [propext, Classical.choice, Quot.sound]
info: AuditVerification.lean:70:0: 'AuditEVTLaws.reverseWeibullCDF_tendsto_atBot' depends on axioms: [propext, Classical.choice, Quot.sound]
info: AuditVerification.lean:71:0: 'AuditEVTLaws.reverseWeibullMeasure_isProbabilityMeasure' depends on axioms: [propext, Classical.choice, Quot.sound]
info: AuditVerification.lean:72:0: 'AuditEVTLaws.cdf_reverseWeibullMeasure' depends on axioms: [propext, Classical.choice, Quot.sound]
info: AuditVerification.lean:73:0: 'AuditEVTLaws.cdf_reverseWeibullMeasure_apply' depends on axioms: [propext, Classical.choice, Quot.sound]
info: AuditVerification.lean:74:0: 'AuditEVTLaws.reverseWeibullCDF_maxstable' depends on axioms: [propext, Classical.choice, Quot.sound]
info: AuditVerification.lean:75:0: 'AuditEVTLaws.cdf_map_maxRV_reverseWeibull' depends on axioms: [propext, Classical.choice, Quot.sound]
info: AuditVerification.lean:76:0: 'AuditEVTLaws.cdf_map_maxRV_pi_reverseWeibull' depends on axioms: [propext, Classical.choice, Quot.sound]
info: AuditVerification.lean:77:0: 'AuditRV.regularlyVarying_zero_iff' depends on axioms: [propext, Classical.choice, Quot.sound]
info: AuditVerification.lean:78:0: 'AuditRV.regularlyVarying_power' depends on axioms: [propext, Classical.choice, Quot.sound]
info: AuditVerification.lean:79:0: 'AuditRV.IsRegularlyVarying.congr' depends on axioms: [propext, Classical.choice, Quot.sound]
info: AuditVerification.lean:80:0: 'AuditRV.IsRegularlyVarying.const_mul' depends on axioms: [propext, Classical.choice, Quot.sound]
info: AuditVerification.lean:81:0: 'AuditRV.IsSlowlyVarying.mul' depends on axioms: [propext, Classical.choice, Quot.sound]
info: AuditVerification.lean:82:0: 'AuditRV.IsSlowlyVarying.rpow' depends on axioms: [propext, Classical.choice, Quot.sound]
info: AuditVerification.lean:83:0: 'AuditTails.HasFiniteTailExponent.unique' depends on axioms: [propext, Classical.choice, Quot.sound]
info: AuditVerification.lean:84:0: 'AuditTails.HasFiniteTailExponent.liminf_eq' depends on axioms: [propext, Classical.choice, Quot.sound]
info: AuditVerification.lean:85:0: 'AuditTails.pareto_power_tail' depends on axioms: [propext, Classical.choice, Quot.sound]
info: AuditVerification.lean:86:0: 'AuditTails.two_power_tail' depends on axioms: [propext, Classical.choice, Quot.sound]
info: AuditVerification.lean:87:0: 'AuditTails.two_power_tail_min' depends on axioms: [propext, Classical.choice, Quot.sound]
info: AuditVerification.lean:88:0: 'AuditMoments.gamma_mixture_excess' depends on axioms: [propext, Classical.choice, Quot.sound]
info: AuditVerification.lean:89:0: 'AuditMoments.gamma_mixture_excess_pos' depends on axioms: [propext, Classical.choice, Quot.sound]
info: AuditVerification.lean:90:0: 'AuditGaussian.coe_varianceOfScale' depends on axioms: [propext, Classical.choice, Quot.sound]
info: AuditVerification.lean:91:0: 'AuditGaussian.charFun_gaussianReal_eq_stableS1Expr' depends on axioms: [propext, Classical.choice, Quot.sound]
info: AuditVerification.lean:92:0: 'AuditGaussian.convolutionPower_gaussianReal_scale' depends on axioms: [propext, Classical.choice, Quot.sound]
info: AuditVerification.lean:93:0: 'AuditGaussian.convolutionPower_gaussianReal' depends on axioms: [propext, Classical.choice, Quot.sound]
info: AuditVerification.lean:94:0: 'Proof09Probe.signature_probe' depends on axioms: [propext, Classical.choice, Quot.sound]
info: AuditVerification.lean:95:0: 'Proof09Probe.pair_not_convex' depends on axioms: [propext, Classical.choice, Quot.sound]
info: AuditVerification.lean:96:0: 'Proof09Probe.submitted_statement_counterexample' depends on axioms: [propext, Classical.choice, Quot.sound]
info: AuditVerification.lean:97:0: 'AuditProbability.IsSubexponential.finiteTailExponent' depends on axioms: [propext, Classical.choice, Quot.sound]
info: AuditVerification.lean:98:0: 'AuditProbability.convolutionPower_probability' depends on axioms: [propext, Classical.choice, Quot.sound]
info: AuditVerification.lean:99:0: 'AuditProbability.charFun_convolutionPower' depends on axioms: [propext, Classical.choice, Quot.sound]
info: AuditVerification.lean:100:0: 'AuditProbability.stableS1_convolutionPower_eq' depends on axioms: [propext, Classical.choice, Quot.sound]
info: AuditVerification.lean:101:0: 'AuditProbability.law_independent_sum' depends on axioms: [propext, Classical.choice, Quot.sound]
info: AuditVerification.lean:102:0: 'AuditRV.isSlowlyVarying_log' depends on axioms: [propext, Classical.choice, Quot.sound]
info: AuditVerification.lean:103:0: 'AuditRV.isSlowlyVarying_const' depends on axioms: [propext, Classical.choice, Quot.sound]
info: AuditVerification.lean:104:0: 'AuditRV.isSlowlyVarying_neg_one' depends on axioms: [propext, Classical.choice, Quot.sound]
info: AuditVerification.lean:105:0: 'AuditRV.IsSlowlyVarying.of_tendsto_const' depends on axioms: [propext, Classical.choice, Quot.sound]
info: AuditVerification.lean:106:0: 'AuditRV.IsRegularlyVarying.mul' depends on axioms: [propext, Classical.choice, Quot.sound]
info: AuditVerification.lean:107:0: 'AuditRV.IsRegularlyVarying.rpow' depends on axioms: [propext, Classical.choice, Quot.sound]
info: AuditVerification.lean:108:0: 'AuditRV.isRegularlyVarying_iff_slowlyVarying' depends on axioms: [propext, Classical.choice, Quot.sound]
info: AuditVerification.lean:109:0: 'StableAudit.gaussian_specialization' depends on axioms: [propext, Classical.choice, Quot.sound]
info: AuditVerification.lean:110:0: 'StableAudit.gaussian_specialization_general' depends on axioms: [propext, Classical.choice, Quot.sound]
info: AuditVerification.lean:111:0: 'StableAudit.submitted_gaussian_counterexample' depends on axioms: [propext, Classical.choice, Quot.sound]
info: AuditVerification.lean:112:0: 'StableAudit.gaussian_stable_real' depends on axioms: [propext, Classical.choice, Quot.sound]
info: AuditVerification.lean:113:0: 'StableAudit.gaussian_stable_real_short' depends on axioms: [propext, Classical.choice, Quot.sound]
info: AuditVerification.lean:114:0: 'StableAudit.cauchy_specialization' depends on axioms: [propext, Classical.choice, Quot.sound]
info: AuditVerification.lean:115:0: 'StableAudit.submitted_cauchy_counterexample' depends on axioms: [propext, Classical.choice, Quot.sound]
info: AuditVerification.lean:116:0: 'StableAudit.cauchy_stable' depends on axioms: [propext, Classical.choice, Quot.sound]
info: AuditVerification.lean:117:0: 'StableAudit.cauchy_stable_short' depends on axioms: [propext, Classical.choice, Quot.sound]
info: AuditVerification.lean:118:0: 'StableAudit.stableExpr_power' depends on axioms: [propext, Classical.choice, Quot.sound]
info: AuditVerification.lean:119:0: 'StableAudit.submitted_alpha_one_ignores_skew' depends on axioms: [propext, Classical.choice, Quot.sound]
info: AuditVerification.lean:120:0: 'StableAudit.stableS1Expr_power' depends on axioms: [propext, Classical.choice, Quot.sound]
info: AuditVerification.lean:121:0: 'StableAudit.stableS1Expr_gaussian' depends on axioms: [propext, Classical.choice, Quot.sound]
info: AuditVerification.lean:122:0: 'StableAudit.stableS1Expr_cauchy' depends on axioms: [propext, Classical.choice, Quot.sound]
info: AuditVerification.lean:123:0: 'StableAudit.stableS1Expr_at_zero' depends on axioms: [propext, Classical.choice, Quot.sound]
info: AuditVerification.lean:124:0: 'AuditTails.pareto_log_ratio_tendsto' depends on axioms: [propext, Classical.choice, Quot.sound]
info: AuditVerification.lean:125:0: 'AuditTails.pareto_hasFiniteTailExponent' depends on axioms: [propext, Classical.choice, Quot.sound]
info: AuditVerification.lean:126:0: 'AuditTails.tailExponentReal_pareto' depends on axioms: [propext, Classical.choice, Quot.sound]
info: AuditVerification.lean:127:0: 'AuditTails.tailExponentReal_zero' depends on axioms: [propext, Classical.choice, Quot.sound]
info: AuditVerification.lean:128:0: 'AuditTails.real_liminf_of_tendsto_atTop' depends on axioms: [propext, Classical.choice, Quot.sound]
info: AuditVerification.lean:129:0: 'AuditTails.tail_log_ratio_of_ratio_tendsto' depends on axioms: [propext, Classical.choice, Quot.sound]
info: AuditVerification.lean:130:0: 'AuditTails.subexponential_ratio_tailExponent' depends on axioms: [propext, Classical.choice, Quot.sound]
info: AuditVerification.lean:131:0: 'AuditTails.convexOn_rpow_neg_right' depends on axioms: [propext, Classical.choice, Quot.sound]
info: AuditVerification.lean:132:0: 'AuditTails.frechetFormula_zero' depends on axioms: [propext, Classical.choice, Quot.sound]
info: AuditVerification.lean:133:0: 'AuditTails.frechet_formula_maxstable' depends on axioms: [propext, Classical.choice, Quot.sound]
info: AuditVerification.lean:134:0: 'AuditTails.frechet_cdf_maxstable' depends on axioms: [propext, Classical.choice, Quot.sound]
info: AuditVerification.lean:135:0: 'AuditTails.gumbel_maxstable' depends on axioms: [propext, Classical.choice, Quot.sound]
info: AuditVerification.lean:136:0: 'Taleb.Proof01.repaired' depends on axioms: [propext, Classical.choice, Quot.sound]
info: AuditVerification.lean:137:0: 'Taleb.Proof02.repaired' depends on axioms: [propext, Classical.choice, Quot.sound]
info: AuditVerification.lean:138:0: 'Taleb.Proof03.repaired' depends on axioms: [propext, Classical.choice, Quot.sound]
info: AuditVerification.lean:139:0: 'Taleb.Proof04.repaired' depends on axioms: [propext, Classical.choice, Quot.sound]
info: AuditVerification.lean:140:0: 'Taleb.Proof05.repaired' depends on axioms: [propext, Classical.choice, Quot.sound]
info: AuditVerification.lean:141:0: 'Taleb.Proof06.repaired' depends on axioms: [propext, Classical.choice, Quot.sound]
info: AuditVerification.lean:142:0: 'Taleb.Proof07.repaired' depends on axioms: [propext, Classical.choice, Quot.sound]
info: AuditVerification.lean:143:0: 'Taleb.Proof08.repaired' depends on axioms: [propext, Classical.choice, Quot.sound]
info: AuditVerification.lean:144:0: 'Taleb.Proof09.repaired' depends on axioms: [propext, Classical.choice, Quot.sound]
info: AuditVerification.lean:145:0: 'Taleb.Proof10.repaired' depends on axioms: [propext, Classical.choice, Quot.sound]
info: AuditVerification.lean:146:0: 'Taleb.Proof11.repaired' depends on axioms: [propext, Classical.choice, Quot.sound]
info: AuditVerification.lean:147:0: 'Taleb.Proof12.repaired' depends on axioms: [propext, Classical.choice, Quot.sound]
info: AuditVerification.lean:148:0: 'Taleb.Proof13.repaired' depends on axioms: [propext, Classical.choice, Quot.sound]
info: AuditVerification.lean:149:0: 'Taleb.Proof14.repaired' depends on axioms: [propext, Classical.choice, Quot.sound]
info: AuditVerification.lean:150:0: 'Taleb.Proof15.repaired' depends on axioms: [propext, Classical.choice, Quot.sound]
info: AuditVerification.lean:151:0: 'Taleb.Proof16.repaired' depends on axioms: [propext, Classical.choice, Quot.sound]
Build completed successfully (2743 jobs).

real	1m5.051s
user	1m34.616s
sys	0m10.741s
